Component: ARM Compiler 5.06 update 3 (build 300) Tool: armlink [4d35c9]

==============================================================================

Section Cross References

    alloc.o(i.free) refers to alloc.o(.data) for freep
    alloc.o(i.malloc) refers to alloc.o(.data) for freep
    alloc.o(i.malloc) refers to alloc.o(.bss) for base
    assert.o(i.assert_failed) refers to printf8.o(i.__0printf$8) for __2printf
    assert.o(i.assert_failed) refers to assert.o(.constdata) for ASSERT_FAILED_STR
    io.o(i.fputc) refers to io.o(i.out_char) for out_char
    io.o(i.in_char) refers to uart.o(i.UART_GetChar) for UART_GetChar
    io.o(i.out_char) refers to uart.o(i.UART_PutChar) for UART_PutChar
    queue.o(i.queue_add) refers to queue.o(i.queue_isempty) for queue_isempty
    queue.o(i.queue_move) refers to queue.o(i.queue_isempty) for queue_isempty
    queue.o(i.queue_remove) refers to queue.o(i.queue_isempty) for queue_isempty
    stdlib.o(i.strcat) refers to stdlib.o(i.strlen) for strlen
    stdlib.o(i.strncat) refers to stdlib.o(i.strlen) for strlen
    stdlib.o(i.strtoul) refers to stdlib.o(i.isspace) for isspace
    stdlib.o(i.strtoul) refers to stdlib.o(i.isalnum) for isalnum
    stdlib.o(i.strtoul) refers to stdlib.o(i.isdigit) for isdigit
    stdlib.o(i.strtoul) refers to stdlib.o(i.isupper) for isupper
    start.o(i.SystemInit) refers to wdog.o(i.WDOG_DisableWDOGEnableUpdate) for WDOG_DisableWDOGEnableUpdate
    start.o(i.start) refers to wdog.o(i.WDOG_DisableWDOGEnableUpdate) for WDOG_DisableWDOGEnableUpdate
    start.o(i.start) refers to main.o(i.main) for main
    sysinit.o(i.UART_InitPrint) refers to uart.o(i.UART_Init) for UART_Init
    sysinit.o(i.end_test) refers to printf8.o(i.__0printf$8) for __2printf
    sysinit.o(i.end_test) refers to sysinit.o(.data) for global_fail_count
    sysinit.o(i.print_sys_log) refers to sim.o(i.SIM_GetStatus) for SIM_GetStatus
    sysinit.o(i.print_sys_log) refers to sim.o(i.SIM_ReadID) for SIM_ReadID
    sysinit.o(i.print_sys_log) refers to printf8.o(i.__0printf$8) for __2printf
    sysinit.o(i.print_sys_log) refers to sysinit.o(.conststring) for .conststring
    sysinit.o(i.sysinit) refers to memseta.o(.text) for __aeabi_memclr4
    sysinit.o(i.sysinit) refers to ics.o(i.ICS_Trim) for ICS_Trim
    sysinit.o(i.sysinit) refers to sim.o(i.SIM_Init) for SIM_Init
    sysinit.o(i.sysinit) refers to ics.o(i.ICS_Init) for ICS_Init
    sysinit.o(i.sysinit) refers to sysinit.o(.data) for global_pass_count
    systick.o(i.cal_systick_read_overhead) refers to printf8.o(i.__0printf$8) for __2printf
    systick.o(i.cal_systick_read_overhead) refers to systick.o(.data) for overhead
    vectors.o(.ARM.__AT_0x00005000) refers to startup_mke06z4.o(STACK) for __initial_sp
    vectors.o(.ARM.__AT_0x00005000) refers to startup_mke06z4.o(.text) for Reset_Handler
    vectors.o(.ARM.__AT_0x00005000) refers to wdt.o(i.NMI_Isr) for NMI_Isr
    vectors.o(.ARM.__AT_0x00005000) refers to vectors.o(i.default_isr) for default_isr
    vectors.o(.ARM.__AT_0x00005000) refers to rtc.o(i.RTC_Isr) for RTC_Isr
    vectors.o(.ARM.__AT_0x00005000) refers to kbi.o(i.KBI0_Isr) for KBI0_Isr
    vectors.o(.ARM.__AT_0x00005000) refers to mscan.o(i.MSCAN_RxIsr) for MSCAN_RxIsr
    vectors.o(.ARM.__AT_0x00005000) refers to mscan.o(i.MSCAN_TxIsr) for MSCAN_TxIsr
    startup_mke06z4.o(RESET) refers to startup_mke06z4.o(STACK) for __initial_sp
    startup_mke06z4.o(RESET) refers to startup_mke06z4.o(.text) for Reset_Handler
    startup_mke06z4.o(.text) refers to start.o(i.SystemInit) for SystemInit
    startup_mke06z4.o(.text) refers to entry.o(.ARM.Collect$$$$00000000) for __main
    acmp.o(i.ACMP0_Isr) refers to acmp.o(.data) for ACMP_Callback
    acmp.o(i.ACMP1_Isr) refers to acmp.o(.data) for ACMP_Callback
    acmp.o(i.ACMP_DeInit) refers to acmp.o(i.NVIC_DisableIRQ) for NVIC_DisableIRQ
    acmp.o(i.ACMP_Init) refers to acmp.o(i.NVIC_EnableIRQ) for NVIC_EnableIRQ
    acmp.o(i.ACMP_Init) refers to acmp.o(i.ACMP_ConfigDAC) for ACMP_ConfigDAC
    acmp.o(i.ACMP_SetCallback) refers to acmp.o(.data) for ACMP_Callback
    adc.o(i.ADC_DeInit) refers to adc.o(i.ADC_SetChannel) for ADC_SetChannel
    adc.o(i.ADC_Init) refers to adc.o(i.ADC_SelectClock) for ADC_SelectClock
    adc.o(i.ADC_Init) refers to adc.o(i.ADC_SelectClockDivide) for ADC_SelectClockDivide
    adc.o(i.ADC_Init) refers to adc.o(i.ADC_SetMode) for ADC_SetMode
    adc.o(i.ADC_Init) refers to adc.o(i.ADC_SetFifoLevel) for ADC_SetFifoLevel
    adc.o(i.ADC_Isr) refers to adc.o(.data) for ADC_Callback
    adc.o(i.ADC_PollRead) refers to adc.o(i.ADC_SetChannel) for ADC_SetChannel
    adc.o(i.ADC_SetCallBack) refers to adc.o(.data) for ADC_Callback
    flash.o(i.FLASH_EraseAll) refers to flash.o(i.FLASH_LaunchCMD) for FLASH_LaunchCMD
    flash.o(i.FLASH_EraseBlock) refers to flash.o(i.FLASH_LaunchCMD) for FLASH_LaunchCMD
    flash.o(i.FLASH_EraseSector) refers to flash.o(i.FLASH_LaunchCMD) for FLASH_LaunchCMD
[...]
    printfb.o(i.__0snprintf$bare) refers to printfb.o(i._printf_core) for _printf_core
    printfb.o(i.__0snprintf$bare) refers to printfb.o(i._snputc) for _snputc
    printfb.o(i.__0sprintf$bare) refers to printfb.o(i._printf_core) for _printf_core
    printfb.o(i.__0sprintf$bare) refers to printfb.o(i._sputc) for _sputc
    printfb.o(i.__0vfprintf$bare) refers to printfb.o(i._printf_core) for _printf_core
    printfb.o(i.__0vfprintf$bare) refers to io.o(i.fputc) for fputc
    printfb.o(i.__0vprintf$bare) refers to printfb.o(i._printf_core) for _printf_core
    printfb.o(i.__0vprintf$bare) refers to io.o(i.fputc) for fputc
    printfb.o(i.__0vprintf$bare) refers to stdout.o(.data) for __stdout
    printfb.o(i.__0vsnprintf$bare) refers to printfb.o(i._printf_core) for _printf_core
    printfb.o(i.__0vsnprintf$bare) refers to printfb.o(i._snputc) for _snputc
    printfb.o(i.__0vsprintf$bare) refers to printfb.o(i._printf_core) for _printf_core
    printfb.o(i.__0vsprintf$bare) refers to printfb.o(i._sputc) for _sputc
    printf0.o(i.__0fprintf$0) refers to printf0.o(i._printf_core) for _printf_core
    printf0.o(i.__0fprintf$0) refers to io.o(i.fputc) for fputc
    printf0.o(i.__0printf$0) refers to printf0.o(i._printf_core) for _printf_core
    printf0.o(i.__0printf$0) refers to io.o(i.fputc) for fputc
    printf0.o(i.__0printf$0) refers to stdout.o(.data) for __stdout
    printf0.o(i.__0snprintf$0) refers to printf0.o(i._printf_core) for _printf_core
    printf0.o(i.__0snprintf$0) refers to printf0.o(i._snputc) for _snputc
    printf0.o(i.__0sprintf$0) refers to printf0.o(i._printf_core) for _printf_core
    printf0.o(i.__0sprintf$0) refers to printf0.o(i._sputc) for _sputc
    printf0.o(i.__0vfprintf$0) refers to printf0.o(i._printf_core) for _printf_core
    printf0.o(i.__0vfprintf$0) refers to io.o(i.fputc) for fputc
    printf0.o(i.__0vprintf$0) refers to printf0.o(i._printf_core) for _printf_core
    printf0.o(i.__0vprintf$0) refers to io.o(i.fputc) for fputc
    printf0.o(i.__0vprintf$0) refers to stdout.o(.data) for __stdout
    printf0.o(i.__0vsnprintf$0) refers to printf0.o(i._printf_core) for _printf_core
    printf0.o(i.__0vsnprintf$0) refers to printf0.o(i._snputc) for _snputc
    printf0.o(i.__0vsprintf$0) refers to printf0.o(i._printf_core) for _printf_core
    printf0.o(i.__0vsprintf$0) refers to printf0.o(i._sputc) for _sputc
    printf1.o(i.__0fprintf$1) refers to printf1.o(i._printf_core) for _printf_core
    printf1.o(i.__0fprintf$1) refers to io.o(i.fputc) for fputc
    printf1.o(i.__0printf$1) refers to printf1.o(i._printf_core) for _printf_core
    printf1.o(i.__0printf$1) refers to io.o(i.fputc) for fputc
    printf1.o(i.__0printf$1) refers to stdout.o(.data) for __stdout
    printf1.o(i.__0snprintf$1) refers to printf1.o(i._printf_core) for _printf_core
    printf1.o(i.__0snprintf$1) refers to printf1.o(i._snputc) for _snputc
    printf1.o(i.__0sprintf$1) refers to printf1.o(i._printf_core) for _printf_core
    printf1.o(i.__0sprintf$1) refers to printf1.o(i._sputc) for _sputc
    printf1.o(i.__0vfprintf$1) refers to printf1.o(i._printf_core) for _printf_core
    printf1.o(i.__0vfprintf$1) refers to io.o(i.fputc) for fputc
    printf1.o(i.__0vprintf$1) refers to printf1.o(i._printf_core) for _printf_core
    printf1.o(i.__0vprintf$1) refers to io.o(i.fputc) for fputc
    printf1.o(i.__0vprintf$1) refers to stdout.o(.data) for __stdout
    printf1.o(i.__0vsnprintf$1) refers to printf1.o(i._printf_core) for _printf_core
    printf1.o(i.__0vsnprintf$1) refers to printf1.o(i._snputc) for _snputc
    printf1.o(i.__0vsprintf$1) refers to printf1.o(i._printf_core) for _printf_core
    printf1.o(i.__0vsprintf$1) refers to printf1.o(i._sputc) for _sputc
    printf1.o(i._printf_core) refers to uidiv.o(.text) for __aeabi_uidivmod
    printf2.o(i.__0fprintf$2) refers to printf2.o(i._printf_core) for _printf_core
    printf2.o(i.__0fprintf$2) refers to io.o(i.fputc) for fputc
    printf2.o(i.__0printf$2) refers to printf2.o(i._printf_core) for _printf_core
    printf2.o(i.__0printf$2) refers to io.o(i.fputc) for fputc
    printf2.o(i.__0printf$2) refers to stdout.o(.data) for __stdout
    printf2.o(i.__0snprintf$2) refers to printf2.o(i._printf_core) for _printf_core
    printf2.o(i.__0snprintf$2) refers to printf2.o(i._snputc) for _snputc
    printf2.o(i.__0sprintf$2) refers to printf2.o(i._printf_core) for _printf_core
    printf2.o(i.__0sprintf$2) refers to printf2.o(i._sputc) for _sputc
    printf2.o(i.__0vfprintf$2) refers to printf2.o(i._printf_core) for _printf_core
    printf2.o(i.__0vfprintf$2) refers to io.o(i.fputc) for fputc
    printf2.o(i.__0vprintf$2) refers to printf2.o(i._printf_core) for _printf_core
    printf2.o(i.__0vprintf$2) refers to io.o(i.fputc) for fputc
    printf2.o(i.__0vprintf$2) refers to stdout.o(.data) for __stdout
    printf2.o(i.__0vsnprintf$2) refers to printf2.o(i._printf_core) for _printf_core
    printf2.o(i.__0vsnprintf$2) refers to printf2.o(i._snputc) for _snputc
    printf2.o(i.__0vsprintf$2) refers to printf2.o(i._printf_core) for _printf_core
    printf2.o(i.__0vsprintf$2) refers to printf2.o(i._sputc) for _sputc
    printf3.o(i.__0fprintf$3) refers to printf3.o(i._printf_core) for _printf_core
    printf3.o(i.__0fprintf$3) refers to io.o(i.fputc) for fputc
    printf3.o(i.__0printf$3) refers to printf3.o(i._printf_core) for _printf_core
    printf3.o(i.__0printf$3) refers to io.o(i.fputc) for fputc
    printf3.o(i.__0printf$3) refers to stdout.o(.data) for __stdout
    printf3.o(i.__0snprintf$3) refers to printf3.o(i._printf_core) for _printf_core
    printf3.o(i.__0snprintf$3) refers to printf3.o(i._snputc) for _snputc
    printf3.o(i.__0sprintf$3) refers to printf3.o(i._printf_core) for _printf_core
    printf3.o(i.__0sprintf$3) refers to printf3.o(i._sputc) for _sputc
    printf3.o(i.__0vfprintf$3) refers to printf3.o(i._printf_core) for _printf_core
    printf3.o(i.__0vfprintf$3) refers to io.o(i.fputc) for fputc
    printf3.o(i.__0vprintf$3) refers to printf3.o(i._printf_core) for _printf_core
    printf3.o(i.__0vprintf$3) refers to io.o(i.fputc) for fputc
    printf3.o(i.__0vprintf$3) refers to stdout.o(.data) for __stdout
    printf3.o(i.__0vsnprintf$3) refers to printf3.o(i._printf_core) for _printf_core
    printf3.o(i.__0vsnprintf$3) refers to printf3.o(i._snputc) for _snputc
    printf3.o(i.__0vsprintf$3) refers to printf3.o(i._printf_core) for _printf_core
    printf3.o(i.__0vsprintf$3) refers to printf3.o(i._sputc) for _sputc
    printf3.o(i._printf_core) refers to uidiv.o(.text) for __aeabi_uidivmod
    printf4.o(i.__0fprintf$4) refers to printf4.o(i._printf_core) for _printf_core
    printf4.o(i.__0fprintf$4) refers to io.o(i.fputc) for fputc
    printf4.o(i.__0printf$4) refers to printf4.o(i._printf_core) for _printf_core
    printf4.o(i.__0printf$4) refers to io.o(i.fputc) for fputc
    printf4.o(i.__0printf$4) refers to stdout.o(.data) for __stdout
    printf4.o(i.__0snprintf$4) refers to printf4.o(i._printf_core) for _printf_core
    printf4.o(i.__0snprintf$4) refers to printf4.o(i._snputc) for _snputc
    printf4.o(i.__0sprintf$4) refers to printf4.o(i._printf_core) for _printf_core
    printf4.o(i.__0sprintf$4) refers to printf4.o(i._sputc) for _sputc
    printf4.o(i.__0vfprintf$4) refers to printf4.o(i._printf_core) for _printf_core
    printf4.o(i.__0vfprintf$4) refers to io.o(i.fputc) for fputc
    printf4.o(i.__0vprintf$4) refers to printf4.o(i._printf_core) for _printf_core
    printf4.o(i.__0vprintf$4) refers to io.o(i.fputc) for fputc
    printf4.o(i.__0vprintf$4) refers to stdout.o(.data) for __stdout
    printf4.o(i.__0vsnprintf$4) refers to printf4.o(i._printf_core) for _printf_core
    printf4.o(i.__0vsnprintf$4) refers to printf4.o(i._snputc) for _snputc
    printf4.o(i.__0vsprintf$4) refers to printf4.o(i._printf_core) for _printf_core
    printf4.o(i.__0vsprintf$4) refers to printf4.o(i._sputc) for _sputc
    printf4.o(i._printf_core) refers to uldiv.o(.text) for __aeabi_uldivmod
    printf5.o(i.__0fprintf$5) refers to printf5.o(i._printf_core) for _printf_core
    printf5.o(i.__0fprintf$5) refers to io.o(i.fputc) for fputc
    printf5.o(i.__0printf$5) refers to printf5.o(i._printf_core) for _printf_core
    printf5.o(i.__0printf$5) refers to io.o(i.fputc) for fputc
    printf5.o(i.__0printf$5) refers to stdout.o(.data) for __stdout
    printf5.o(i.__0snprintf$5) refers to printf5.o(i._printf_core) for _printf_core
    printf5.o(i.__0snprintf$5) refers to printf5.o(i._snputc) for _snputc
    printf5.o(i.__0sprintf$5) refers to printf5.o(i._printf_core) for _printf_core
    printf5.o(i.__0sprintf$5) refers to printf5.o(i._sputc) for _sputc
    printf5.o(i.__0vfprintf$5) refers to printf5.o(i._printf_core) for _printf_core
    printf5.o(i.__0vfprintf$5) refers to io.o(i.fputc) for fputc
    printf5.o(i.__0vprintf$5) refers to printf5.o(i._printf_core) for _printf_core
    printf5.o(i.__0vprintf$5) refers to io.o(i.fputc) for fputc
    printf5.o(i.__0vprintf$5) refers to stdout.o(.data) for __stdout
    printf5.o(i.__0vsnprintf$5) refers to printf5.o(i._printf_core) for _printf_core
    printf5.o(i.__0vsnprintf$5) refers to printf5.o(i._snputc) for _snputc
    printf5.o(i.__0vsprintf$5) refers to printf5.o(i._printf_core) for _printf_core
    printf5.o(i.__0vsprintf$5) refers to printf5.o(i._sputc) for _sputc
    printf5.o(i._printf_core) refers to uldiv.o(.text) for __aeabi_uldivmod
    printf6.o(i.__0fprintf$6) refers to printf6.o(i._printf_core) for _printf_core
    printf6.o(i.__0fprintf$6) refers to io.o(i.fputc) for fputc
    printf6.o(i.__0printf$6) refers to printf6.o(i._printf_core) for _printf_core
    printf6.o(i.__0printf$6) refers to io.o(i.fputc) for fputc
    printf6.o(i.__0printf$6) refers to stdout.o(.data) for __stdout
    printf6.o(i.__0snprintf$6) refers to printf6.o(i._printf_core) for _printf_core
    printf6.o(i.__0snprintf$6) refers to printf6.o(i._snputc) for _snputc
    printf6.o(i.__0sprintf$6) refers to printf6.o(i._printf_core) for _printf_core
    printf6.o(i.__0sprintf$6) refers to printf6.o(i._sputc) for _sputc
    printf6.o(i.__0vfprintf$6) refers to printf6.o(i._printf_core) for _printf_core
    printf6.o(i.__0vfprintf$6) refers to io.o(i.fputc) for fputc
    printf6.o(i.__0vprintf$6) refers to printf6.o(i._printf_core) for _printf_core
    printf6.o(i.__0vprintf$6) refers to io.o(i.fputc) for fputc
    printf6.o(i.__0vprintf$6) refers to stdout.o(.data) for __stdout
    printf6.o(i.__0vsnprintf$6) refers to printf6.o(i._printf_core) for _printf_core
    printf6.o(i.__0vsnprintf$6) refers to printf6.o(i._snputc) for _snputc
    printf6.o(i.__0vsprintf$6) refers to printf6.o(i._printf_core) for _printf_core
    printf6.o(i.__0vsprintf$6) refers to printf6.o(i._sputc) for _sputc
    printf6.o(i._printf_core) refers to printf6.o(i._printf_pre_padding) for _printf_pre_padding
    printf6.o(i._printf_core) refers to printf6.o(i._printf_post_padding) for _printf_post_padding
    printf6.o(i._printf_core) refers to uidiv.o(.text) for __aeabi_uidivmod
    printf7.o(i.__0fprintf$7) refers to printf7.o(i._printf_core) for _printf_core
    printf7.o(i.__0fprintf$7) refers to io.o(i.fputc) for fputc
    printf7.o(i.__0printf$7) refers to printf7.o(i._printf_core) for _printf_core
    printf7.o(i.__0printf$7) refers to io.o(i.fputc) for fputc
    printf7.o(i.__0printf$7) refers to stdout.o(.data) for __stdout
    printf7.o(i.__0snprintf$7) refers to printf7.o(i._printf_core) for _printf_core
    printf7.o(i.__0snprintf$7) refers to printf7.o(i._snputc) for _snputc
    printf7.o(i.__0sprintf$7) refers to printf7.o(i._printf_core) for _printf_core
    printf7.o(i.__0sprintf$7) refers to printf7.o(i._sputc) for _sputc
    printf7.o(i.__0vfprintf$7) refers to printf7.o(i._printf_core) for _printf_core
    printf7.o(i.__0vfprintf$7) refers to io.o(i.fputc) for fputc
    printf7.o(i.__0vprintf$7) refers to printf7.o(i._printf_core) for _printf_core
    printf7.o(i.__0vprintf$7) refers to io.o(i.fputc) for fputc
    printf7.o(i.__0vprintf$7) refers to stdout.o(.data) for __stdout
    printf7.o(i.__0vsnprintf$7) refers to printf7.o(i._printf_core) for _printf_core
    printf7.o(i.__0vsnprintf$7) refers to printf7.o(i._snputc) for _snputc
    printf7.o(i.__0vsprintf$7) refers to printf7.o(i._printf_core) for _printf_core
    printf7.o(i.__0vsprintf$7) refers to printf7.o(i._sputc) for _sputc
    printf7.o(i._printf_core) refers to printf7.o(i._printf_pre_padding) for _printf_pre_padding
    printf7.o(i._printf_core) refers to printf7.o(i._printf_post_padding) for _printf_post_padding
    printf7.o(i._printf_core) refers to uldiv.o(.text) for __aeabi_uldivmod
    printf8.o(i.__0fprintf$8) refers to printf8.o(i._printf_core) for _printf_core
    printf8.o(i.__0fprintf$8) refers to io.o(i.fputc) for fputc
    printf8.o(i.__0printf$8) refers to printf8.o(i._printf_core) for _printf_core
    printf8.o(i.__0printf$8) refers to io.o(i.fputc) for fputc
    printf8.o(i.__0printf$8) refers to stdout.o(.data) for __stdout
    printf8.o(i.__0snprintf$8) refers to printf8.o(i._printf_core) for _printf_core
    printf8.o(i.__0snprintf$8) refers to printf8.o(i._snputc) for _snputc
    printf8.o(i.__0sprintf$8) refers to printf8.o(i._printf_core) for _printf_core
    printf8.o(i.__0sprintf$8) refers to printf8.o(i._sputc) for _sputc
    printf8.o(i.__0vfprintf$8) refers to printf8.o(i._printf_core) for _printf_core
    printf8.o(i.__0vfprintf$8) refers to io.o(i.fputc) for fputc
    printf8.o(i.__0vprintf$8) refers to printf8.o(i._printf_core) for _printf_core
    printf8.o(i.__0vprintf$8) refers to io.o(i.fputc) for fputc
    printf8.o(i.__0vprintf$8) refers to stdout.o(.data) for __stdout
    printf8.o(i.__0vsnprintf$8) refers to printf8.o(i._printf_core) for _printf_core
    printf8.o(i.__0vsnprintf$8) refers to printf8.o(i._snputc) for _snputc
    printf8.o(i.__0vsprintf$8) refers to printf8.o(i._printf_core) for _printf_core
    printf8.o(i.__0vsprintf$8) refers to printf8.o(i._sputc) for _sputc
    printf8.o(i._printf_core) refers to printf8.o(i._printf_pre_padding) for _printf_pre_padding
    printf8.o(i._printf_core) refers to printf8.o(i._printf_post_padding) for _printf_post_padding
    printf8.o(i._printf_core) refers to uldiv.o(.text) for __aeabi_uldivmod
    printfa.o(i.__0fprintf) refers (Special) to iusefp.o(.text) for __I$use$fp
    printfa.o(i.__0fprintf) refers to printfa.o(i._printf_core) for _printf_core
    printfa.o(i.__0fprintf) refers to io.o(i.fputc) for fputc
    printfa.o(i.__0printf) refers (Special) to iusefp.o(.text) for __I$use$fp
    printfa.o(i.__0printf) refers to printfa.o(i._printf_core) for _printf_core
    printfa.o(i.__0printf) refers to io.o(i.fputc) for fputc
    printfa.o(i.__0printf) refers to stdout.o(.data) for __stdout
    printfa.o(i.__0snprintf) refers (Special) to iusefp.o(.text) for __I$use$fp
    printfa.o(i.__0snprintf) refers to printfa.o(i._printf_core) for _printf_core
    printfa.o(i.__0snprintf) refers to printfa.o(i._snputc) for _snputc
    printfa.o(i.__0sprintf) refers (Special) to iusefp.o(.text) for __I$use$fp
    printfa.o(i.__0sprintf) refers to printfa.o(i._printf_core) for _printf_core
    printfa.o(i.__0sprintf) refers to printfa.o(i._sputc) for _sputc
    printfa.o(i.__0vfprintf) refers (Special) to iusefp.o(.text) for __I$use$fp
    printfa.o(i.__0vfprintf) refers to printfa.o(i._printf_core) for _printf_core
    printfa.o(i.__0vfprintf) refers to io.o(i.fputc) for fputc
    printfa.o(i.__0vprintf) refers (Special) to iusefp.o(.text) for __I$use$fp
    printfa.o(i.__0vprintf) refers to printfa.o(i._printf_core) for _printf_core
    printfa.o(i.__0vprintf) refers to io.o(i.fputc) for fputc
    printfa.o(i.__0vprintf) refers to stdout.o(.data) for __stdout
    printfa.o(i.__0vsnprintf) refers (Special) to iusefp.o(.text) for __I$use$fp
    printfa.o(i.__0vsnprintf) refers to printfa.o(i._printf_core) for _printf_core
    printfa.o(i.__0vsnprintf) refers to printfa.o(i._snputc) for _snputc
    printfa.o(i.__0vsprintf) refers (Special) to iusefp.o(.text) for __I$use$fp
    printfa.o(i.__0vsprintf) refers to printfa.o(i._printf_core) for _printf_core
    printfa.o(i.__0vsprintf) refers to printfa.o(i._sputc) for _sputc
    printfa.o(i._fp_digits) refers (Special) to iusefp.o(.text) for __I$use$fp
    printfa.o(i._fp_digits) refers to dmul.o(.text) for __aeabi_dmul
    printfa.o(i._fp_digits) refers to ddiv.o(.text) for __aeabi_ddiv
    printfa.o(i._fp_digits) refers to cdrcmple.o(.text) for __aeabi_cdrcmple
    printfa.o(i._fp_digits) refers to dadd.o(.text) for __aeabi_dadd
    printfa.o(i._fp_digits) refers to dfixul.o(.text) for __aeabi_d2ulz
    printfa.o(i._fp_digits) refers to uldiv.o(.text) for __aeabi_uldivmod
    printfa.o(i._printf_core) refers (Special) to iusefp.o(.text) for __I$use$fp
    printfa.o(i._printf_core) refers to printfa.o(i._printf_pre_padding) for _printf_pre_padding
    printfa.o(i._printf_core) refers to uldiv.o(.text) for __aeabi_uldivmod
    printfa.o(i._printf_core) refers to printfa.o(i._printf_post_padding) for _printf_post_padding
    printfa.o(i._printf_core) refers to printfa.o(i._fp_digits) for _fp_digits
    printfa.o(i._printf_core) refers to uidiv.o(.text) for __aeabi_uidivmod
    printfa.o(i._printf_post_padding) refers (Special) to iusefp.o(.text) for __I$use$fp
    printfa.o(i._printf_pre_padding) refers (Special) to iusefp.o(.text) for __I$use$fp
    printfa.o(i._snputc) refers (Special) to iusefp.o(.text) for __I$use$fp
    printfa.o(i._sputc) refers (Special) to iusefp.o(.text) for __I$use$fp
    entry2.o(.ARM.Collect$$$$00000001) refers to entry2.o(.ARM.Collect$$$$00002712) for __lit__00000000
    entry2.o(.ARM.Collect$$$$00002712) refers to startup_mke06z4.o(STACK) for __initial_sp
    entry2.o(__vectab_stack_and_reset_area) refers to startup_mke06z4.o(STACK) for __initial_sp
    entry2.o(__vectab_stack_and_reset_area) refers to entry.o(.ARM.Collect$$$$00000000) for __main
    entry5.o(.ARM.Collect$$$$00000004) refers to init.o(.text) for __scatterload
    entry9a.o(.ARM.Collect$$$$0000000B) refers to main.o(i.main) for main
    entry9b.o(.ARM.Collect$$$$0000000C) refers to main.o(i.main) for main
    uldiv.o(.text) refers to llushr.o(.text) for __aeabi_llsr
    uldiv.o(.text) refers to llshl.o(.text) for __aeabi_llsl
    dadd.o(.text) refers to llshl.o(.text) for __aeabi_llsl
    dadd.o(.text) refers to llsshr.o(.text) for __aeabi_lasr
    dadd.o(.text) refers to depilogue.o(.text) for _double_epilogue
    dmul.o(.text) refers to depilogue.o(.text) for _double_epilogue
    ddiv.o(.text) refers to depilogue.o(.text) for _double_round
    dfixul.o(.text) refers to llushr.o(.text) for __aeabi_llsr
    dfixul.o(.text) refers to llshl.o(.text) for __aeabi_llsl
    init.o(.text) refers to entry5.o(.ARM.Collect$$$$00000004) for __main_after_scatterload
    depilogue.o(.text) refers to depilogue.o(i.__ARM_clz) for __ARM_clz
    depilogue.o(.text) refers to llshl.o(.text) for __aeabi_llsl
    depilogue.o(.text) refers to llushr.o(.text) for __aeabi_llsr


==============================================================================

Removing Unused input sections from the image.

    Removing alloc.o(.rev16_text), (4 bytes).
    Removing alloc.o(.revsh_text), (4 bytes).
    Removing alloc.o(i.free), (116 bytes).
    Removing alloc.o(i.malloc), (132 bytes).
    Removing alloc.o(.bss), (16 bytes).
    Removing alloc.o(.data), (4 bytes).
    Removing assert.o(.rev16_text), (4 bytes).
    Removing assert.o(.revsh_text), (4 bytes).
    Removing io.o(.rev16_text), (4 bytes).
    Removing io.o(.revsh_text), (4 bytes).
    Removing io.o(i.char_present), (16 bytes).
    Removing io.o(i.in_char), (16 bytes).
    Removing memtest.o(i.memTestAddressBus), (144 bytes).
    Removing memtest.o(i.memTestDataBus), (28 bytes).
    Removing memtest.o(i.memTestDevice), (94 bytes).
    Removing queue.o(.rev16_text), (4 bytes).
    Removing queue.o(.revsh_text), (4 bytes).
    Removing queue.o(i.queue_add), (34 bytes).
    Removing queue.o(i.queue_init), (6 bytes).
    Removing queue.o(i.queue_isempty), (16 bytes).
    Removing queue.o(i.queue_move), (52 bytes).
    Removing queue.o(i.queue_peek), (6 bytes).
    Removing queue.o(i.queue_remove), (28 bytes).
    Removing stdlib.o(.rev16_text), (4 bytes).
    Removing stdlib.o(.revsh_text), (4 bytes).
    Removing stdlib.o(i.isalnum), (34 bytes).
    Removing stdlib.o(i.isdigit), (18 bytes).
    Removing stdlib.o(i.isspace), (18 bytes).
    Removing stdlib.o(i.isupper), (18 bytes).
    Removing stdlib.o(i.memcpy), (78 bytes).
    Removing stdlib.o(i.memset), (30 bytes).
    Removing stdlib.o(i.strcasecmp), (72 bytes).
    Removing stdlib.o(i.strcat), (46 bytes).
    Removing stdlib.o(i.strcmp), (42 bytes).
    Removing stdlib.o(i.strcpy), (36 bytes).
    Removing stdlib.o(i.strlen), (32 bytes).
    Removing stdlib.o(i.strncasecmp), (86 bytes).
    Removing stdlib.o(i.strncat), (64 bytes).
    Removing stdlib.o(i.strncmp), (58 bytes).
    Removing stdlib.o(i.strncpy), (50 bytes).
    Removing stdlib.o(i.strtoul), (230 bytes).
    Removing arm_cm0.o(.rev16_text), (4 bytes).
    Removing arm_cm0.o(.revsh_text), (4 bytes).
    Removing arm_cm0.o(i.stop), (20 bytes).
    Removing arm_cm0.o(i.wait), (20 bytes).
    Removing arm_cm0.o(i.write_vtor), (12 bytes).
    Removing start.o(.rev16_text), (4 bytes).
    Removing start.o(.revsh_text), (4 bytes).
    Removing start.o(i.cpu_identify), (2 bytes).
    Removing start.o(i.flash_identify), (2 bytes).
    Removing start.o(i.start), (12 bytes).
    Removing sysinit.o(.rev16_text), (4 bytes).
    Removing sysinit.o(.revsh_text), (4 bytes).
    Removing sysinit.o(i.UART_InitPrint), (32 bytes).
    Removing sysinit.o(i.end_test), (208 bytes).
    Removing sysinit.o(i.print_sys_log), (524 bytes).
    Removing sysinit.o(.conststring), (79 bytes).
    Removing systick.o(.rev16_text), (4 bytes).
    Removing systick.o(.revsh_text), (4 bytes).
    Removing systick.o(i.cal_systick_read_overhead), (152 bytes).
    Removing systick.o(i.systick_disable), (20 bytes).
    Removing systick.o(i.systick_init), (24 bytes).
    Removing systick.o(.data), (12 bytes).
    Removing vectors.o(.rev16_text), (4 bytes).
    Removing vectors.o(.revsh_text), (4 bytes).
    Removing vectors.o(i.abort_isr), (2 bytes).
    Removing vectors.o(i.hard_fault_handler_c), (2 bytes).
    Removing startup_mke06z4.o(HEAP), (0 bytes).
    Removing acmp.o(.rev16_text), (4 bytes).
    Removing acmp.o(.revsh_text), (4 bytes).
    Removing acmp.o(i.ACMP0_Isr), (24 bytes).
    Removing acmp.o(i.ACMP1_Isr), (24 bytes).
    Removing acmp.o(i.ACMP_ConfigDAC), (6 bytes).
    Removing acmp.o(i.ACMP_DeInit), (100 bytes).
    Removing acmp.o(i.ACMP_Init), (104 bytes).
    Removing acmp.o(i.ACMP_SetCallback), (28 bytes).
    Removing acmp.o(i.NVIC_DisableIRQ), (20 bytes).
    Removing acmp.o(i.NVIC_EnableIRQ), (20 bytes).
    Removing acmp.o(.data), (8 bytes).
    Removing adc.o(.rev16_text), (4 bytes).
    Removing adc.o(.revsh_text), (4 bytes).
    Removing adc.o(i.ADC_DeInit), (32 bytes).
    Removing adc.o(i.ADC_Init), (424 bytes).
    Removing adc.o(i.ADC_Isr), (24 bytes).
    Removing adc.o(i.ADC_PollRead), (36 bytes).
    Removing adc.o(i.ADC_SelectClock), (16 bytes).
    Removing adc.o(i.ADC_SelectClockDivide), (22 bytes).
    Removing adc.o(i.ADC_SetCallBack), (12 bytes).
    Removing adc.o(i.ADC_SetChannel), (16 bytes).
    Removing adc.o(i.ADC_SetFifoLevel), (16 bytes).
    Removing adc.o(i.ADC_SetMode), (22 bytes).
    Removing adc.o(i.ADC_VrefSelect), (16 bytes).
    Removing adc.o(.data), (4 bytes).
    Removing crc.o(.rev16_text), (4 bytes).
    Removing crc.o(.revsh_text), (4 bytes).
    Removing crc.o(i.CRC_Cal16), (108 bytes).
    Removing crc.o(i.CRC_Cal32), (128 bytes).
    Removing crc.o(i.CRC_DeInit), (64 bytes).
    Removing crc.o(i.CRC_Init), (108 bytes).
    Removing flash.o(.rev16_text), (4 bytes).
    Removing flash.o(.revsh_text), (4 bytes).
    Removing flash.o(i.FLASH_CheckErrStatus), (84 bytes).
    Removing flash.o(i.FLASH_EraseAll), (108 bytes).
    Removing flash.o(i.FLASH_EraseBlock), (148 bytes).
    Removing flash.o(i.FLASH_EraseBlock_NoWait), (68 bytes).
    Removing flash.o(i.FLASH_EraseSector), (144 bytes).
    Removing flash.o(i.FLASH_EraseVerifyAll), (88 bytes).
    Removing flash.o(i.FLASH_EraseVerifyBlock), (128 bytes).
    Removing flash.o(i.FLASH_EraseVerifySection), (136 bytes).
    Removing flash.o(i.FLASH_Init), (148 bytes).
    Removing flash.o(i.FLASH_LaunchCMD), (48 bytes).
    Removing flash.o(i.FLASH_Program), (212 bytes).
    Removing flash.o(i.FLASH_Program1LongWord), (172 bytes).
    Removing flash.o(i.FLASH_Program2LongWords), (200 bytes).
    Removing flash.o(i.FLASH_ProgramOnce), (168 bytes).
    Removing flash.o(i.FLASH_ReadOnce), (172 bytes).
    Removing flash.o(i.FLASH_SetUserMarginLevel), (152 bytes).
    Removing flash.o(i.FLASH_Unsecure), (112 bytes).
    Removing flash.o(i.FLASH_VerifyBackdoorKey), (124 bytes).
    Removing ftm.o(.rev16_text), (4 bytes).
    Removing ftm.o(.revsh_text), (4 bytes).
    Removing ftm.o(i.FTM0_Isr), (24 bytes).
    Removing ftm.o(i.FTM1_Isr), (24 bytes).
    Removing ftm.o(i.FTM2_Isr), (24 bytes).
    Removing ftm.o(i.FTM_ChannelInit), (188 bytes).
    Removing ftm.o(i.FTM_ClockSet), (28 bytes).
    Removing ftm.o(i.FTM_DeInit), (212 bytes).
    Removing ftm.o(i.FTM_DualEdgeCaptureInit), (312 bytes).
    Removing ftm.o(i.FTM_GenerateTrig2), (72 bytes).
    Removing ftm.o(i.FTM_HardwareSync), (108 bytes).
    Removing ftm.o(i.FTM_HardwareSyncCombine), (80 bytes).
    Removing ftm.o(i.FTM_Init), (228 bytes).
    Removing ftm.o(i.FTM_InputCaptureInit), (220 bytes).
    Removing ftm.o(i.FTM_InvertChannel), (156 bytes).
    Removing ftm.o(i.FTM_OutputCompareInit), (180 bytes).
    Removing ftm.o(i.FTM_OutputMaskSet), (148 bytes).
    Removing ftm.o(i.FTM_PWMDeadtimeSet), (124 bytes).
    Removing ftm.o(i.FTM_PWMInit), (296 bytes).
    Removing ftm.o(i.FTM_PolaritySet), (88 bytes).
    Removing ftm.o(i.FTM_SWOutputControlSet), (200 bytes).
    Removing ftm.o(i.FTM_SetCallback), (24 bytes).
    Removing ftm.o(i.FTM_SetDebugModeBehavior), (80 bytes).
    Removing ftm.o(i.FTM_SetDutyCycleCombine), (124 bytes).
    Removing ftm.o(i.FTM_SetTOFFrequency), (76 bytes).
    Removing ftm.o(i.FTM_SoftwareSync), (68 bytes).
    Removing ftm.o(i.FTM_SyncConfigActivate), (60 bytes).
    Removing ftm.o(i.FTM_SyncConfigDeactivate), (60 bytes).
    Removing ftm.o(i.NVIC_DisableIRQ), (20 bytes).
    Removing ftm.o(i.NVIC_EnableIRQ), (20 bytes).
    Removing ftm.o(.bss), (12 bytes).
    Removing gpio.o(.rev16_text), (4 bytes).
    Removing gpio.o(.revsh_text), (4 bytes).
    Removing gpio.o(i.GPIO_DeInit), (80 bytes).
    Removing gpio.o(i.GPIO_PinInit), (868 bytes).
    Removing gpio.o(i.GPIO_PinToggle), (104 bytes).
    Removing gpio.o(i.GPIO_Read), (64 bytes).
    Removing gpio.o(i.GPIO_Write), (68 bytes).
    Removing i2c.o(.rev16_text), (4 bytes).
    Removing i2c.o(.revsh_text), (4 bytes).
    Removing i2c.o(i.I2C0_Isr), (24 bytes).
    Removing i2c.o(i.I2C0_SetCallBack), (12 bytes).
    Removing i2c.o(i.I2C1_Isr), (24 bytes).
    Removing i2c.o(i.I2C1_SetCallBack), (12 bytes).
    Removing i2c.o(i.I2C_ClearStatus), (8 bytes).
    Removing i2c.o(i.I2C_Deinit), (52 bytes).
    Removing i2c.o(i.I2C_GetStatus), (6 bytes).
    Removing i2c.o(i.I2C_Init), (272 bytes).
    Removing i2c.o(i.I2C_IntDisable), (48 bytes).
    Removing i2c.o(i.I2C_IntEnable), (48 bytes).
    Removing i2c.o(i.I2C_IsBusy), (10 bytes).
    Removing i2c.o(i.I2C_MasterReadWait), (104 bytes).
    Removing i2c.o(i.I2C_MasterSendWait), (76 bytes).
    Removing i2c.o(i.I2C_ReadOneByte), (156 bytes).
    Removing i2c.o(i.I2C_RepeatStart), (60 bytes).
    Removing i2c.o(i.I2C_SetSCLLowTimeout), (8 bytes).
    Removing i2c.o(i.I2C_SetSlaveAddress), (22 bytes).
    Removing i2c.o(i.I2C_Start), (60 bytes).
    Removing i2c.o(i.I2C_Stop), (56 bytes).
    Removing i2c.o(i.I2C_TxEnable), (10 bytes).
    Removing i2c.o(i.I2C_WriteOneByte), (136 bytes).
    Removing i2c.o(i.NVIC_DisableIRQ), (20 bytes).
    Removing i2c.o(i.NVIC_EnableIRQ), (20 bytes).
    Removing i2c.o(.data), (8 bytes).
    Removing ics.o(.rev16_text), (4 bytes).
    Removing ics.o(.revsh_text), (4 bytes).
    Removing ics.o(i.FBELP_to_FBE), (20 bytes).
    Removing ics.o(i.FBE_to_FBELP), (20 bytes).
    Removing ics.o(i.FBE_to_FBI), (84 bytes).
    Removing ics.o(i.FBE_to_FEE), (60 bytes).
    Removing ics.o(i.FBE_to_FEI), (92 bytes).
    Removing ics.o(i.FBILP_to_FBI), (20 bytes).
    Removing ics.o(i.FBI_to_FBE), (88 bytes).
    Removing ics.o(i.FBI_to_FBILP), (20 bytes).
    Removing ics.o(i.FBI_to_FEE), (96 bytes).
    Removing ics.o(i.FBI_to_FEI), (84 bytes).
    Removing ics.o(i.FEE_to_FBE), (76 bytes).
    Removing ics.o(i.FEE_to_FBI), (108 bytes).
    Removing ics.o(i.FEE_to_FEI), (80 bytes).
    Removing ics.o(i.FEI_to_FBE), (112 bytes).
    Removing ics.o(i.FEI_to_FBI), (76 bytes).
    Removing ics.o(i.ICS_DeInit), (36 bytes).
    Removing ics.o(i.OSC_DeInit), (12 bytes).
    Removing ics.o(i.OSC_Disable), (20 bytes).
    Removing kbi.o(.rev16_text), (4 bytes).
    Removing kbi.o(.revsh_text), (4 bytes).
    Removing kbi.o(i.KBI1_Isr), (40 bytes).
    Removing kbi.o(i.KBI_DeInit), (80 bytes).
    Removing kbi.o(i.NVIC_DisableIRQ), (20 bytes).
    Removing mscan.o(.rev16_text), (4 bytes).
    Removing mscan.o(.revsh_text), (4 bytes).
    Removing mscan.o(i.CAN_DeInit), (52 bytes).
    Removing mscan.o(i.CAN_EnterSleep), (70 bytes).
    Removing mscan.o(i.CAN_LaunchInitialRequest), (26 bytes).
    Removing mscan.o(i.CAN_WakeUpFromSleep), (32 bytes).
    Removing pit.o(.rev16_text), (4 bytes).
    Removing pit.o(.revsh_text), (4 bytes).
    Removing pit.o(i.NVIC_DisableIRQ), (20 bytes).
    Removing pit.o(i.NVIC_EnableIRQ), (20 bytes).
    Removing pit.o(i.PIT_Ch0Isr), (28 bytes).
    Removing pit.o(i.PIT_Ch1Isr), (28 bytes).
    Removing pit.o(i.PIT_ChannelClrFlags), (28 bytes).
    Removing pit.o(i.PIT_ChannelDisable), (28 bytes).
    Removing pit.o(i.PIT_ChannelDisableChain), (28 bytes).
    Removing pit.o(i.PIT_ChannelDisableInt), (28 bytes).
    Removing pit.o(i.PIT_DeInit), (132 bytes).
    Removing pit.o(i.PIT_Init), (228 bytes).
    Removing pit.o(i.PIT_SetCallback), (12 bytes).
    Removing pit.o(i.PIT_SetLoadVal), (12 bytes).
    Removing pit.o(.data), (8 bytes).
    Removing pmc.o(.rev16_text), (4 bytes).
    Removing pmc.o(.revsh_text), (4 bytes).
    Removing pmc.o(i.PMC_DeInit), (10 bytes).
    Removing pmc.o(i.PMC_Init), (10 bytes).
    Removing pmc.o(i.PMC_SetMode), (70 bytes).
    Removing pwt.o(.rev16_text), (4 bytes).
    Removing pwt.o(.revsh_text), (4 bytes).
    Removing pwt.o(i.NVIC_DisableIRQ), (20 bytes).
    Removing pwt.o(i.PWT_DeInit), (196 bytes).
    Removing pwt.o(i.PWT_Init), (240 bytes).
    Removing pwt.o(i.PWT_Isr), (24 bytes).
    Removing pwt.o(i.PWT_SetCallback), (12 bytes).
    Removing pwt.o(.data), (4 bytes).
    Removing rtc.o(.rev16_text), (4 bytes).
    Removing rtc.o(.revsh_text), (4 bytes).
    Removing rtc.o(i.NVIC_DisableIRQ), (20 bytes).
    Removing rtc.o(i.RTC_DeInit), (84 bytes).
    Removing rtc.o(i.RTC_Init), (180 bytes).
    Removing rtc.o(i.RTC_SetCallback), (12 bytes).
    Removing sim.o(.rev16_text), (4 bytes).
    Removing sim.o(.revsh_text), (4 bytes).
    Removing sim.o(i.SIM_GetStatus), (16 bytes).
    Removing sim.o(i.SIM_ReadID), (36 bytes).
    Removing sim.o(i.SIM_SetClockGating), (36 bytes).
    Removing spi.o(.rev16_text), (4 bytes).
    Removing spi.o(.revsh_text), (4 bytes).
    Removing spi.o(i.SPI0_Isr), (24 bytes).
    Removing spi.o(i.SPI1_Isr), (24 bytes).
    Removing spi.o(i.SPI_DeInit), (26 bytes).
    Removing spi.o(i.SPI_SetCallback), (64 bytes).
    Removing spi.o(.data), (8 bytes).
    Removing uart.o(.rev16_text), (4 bytes).
    Removing uart.o(.revsh_text), (4 bytes).
    Removing uart.o(i.UART0_Isr), (20 bytes).
    Removing uart.o(i.UART1_Isr), (20 bytes).
    Removing uart.o(i.UART2_Isr), (20 bytes).
    Removing uart.o(i.UART_CheckFlag), (26 bytes).
    Removing uart.o(i.UART_DisableInterrupt), (180 bytes).
    Removing uart.o(i.UART_EnableInterrupt), (176 bytes).
    Removing uart.o(i.UART_GetChar), (80 bytes).
    Removing uart.o(i.UART_GetFlags), (16 bytes).
    Removing uart.o(i.UART_Init), (192 bytes).
    Removing uart.o(i.UART_ReceiveWait), (46 bytes).
    Removing uart.o(i.UART_SendWait), (46 bytes).
    Removing uart.o(i.UART_SetBaudrate), (116 bytes).
    Removing uart.o(i.UART_SetCallback), (12 bytes).
    Removing uart.o(i.UART_WaitTxComplete), (16 bytes).
    Removing uart.o(.data), (4 bytes).
    Removing wdog.o(.rev16_text), (4 bytes).
    Removing wdog.o(.revsh_text), (4 bytes).
    Removing wdog.o(i.WDOG_DeInit), (40 bytes).
    Removing wdog.o(i.WDOG_Disable), (56 bytes).
    Removing wdog.o(i.WDOG_DisableUpdate), (56 bytes).
    Removing wdog.o(i.WDOG_Enable), (36 bytes).
    Removing wdog.o(i.WDOG_EnableUpdate), (52 bytes).
    Removing led.o(.rev16_text), (4 bytes).
    Removing led.o(.revsh_text), (4 bytes).
    Removing led.o(i.GREEN_Off), (10 bytes).
    Removing led.o(i.GREEN_On), (10 bytes).
    Removing led.o(i.RED_Off), (10 bytes).
    Removing led.o(i.RED_On), (10 bytes).
    Removing led.o(i.RED_Toggle), (20 bytes).
    Removing wdt.o(.rev16_text), (4 bytes).
    Removing wdt.o(.revsh_text), (4 bytes).
    Removing spi_app.o(.rev16_text), (4 bytes).
    Removing spi_app.o(.revsh_text), (4 bytes).
    Removing spi_app.o(i.SPI_Continue_Read), (152 bytes).
    Removing crc_1.o(.rev16_text), (4 bytes).
    Removing crc_1.o(.revsh_text), (4 bytes).
    Removing eeprom_24c.o(.rev16_text), (4 bytes).
    Removing eeprom_24c.o(.revsh_text), (4 bytes).
    Removing eeprom_24c.o(i.IIC_Delay), (14 bytes).
    Removing eeprom_24c.o(i.IIC_Read_Buffer), (176 bytes).
    Removing eeprom_24c.o(i.IIC_Receive_Byte), (100 bytes).
    Removing eeprom_24c.o(i.IIC_Send_Buffer), (132 bytes).
    Removing eeprom_24c.o(i.IIC_Send_Byte), (160 bytes).
    Removing eeprom_24c.o(i.IIC_Start), (44 bytes).
    Removing eeprom_24c.o(i.IIC_Stop), (44 bytes).
    Removing sleep.o(.rev16_text), (4 bytes).
    Removing sleep.o(.revsh_text), (4 bytes).
    Removing mscan_api.o(.rev16_text), (4 bytes).
    Removing mscan_api.o(.revsh_text), (4 bytes).
    Removing mscan_api.o(i.CAN_ReadOneFramefromBufferQueue), (112 bytes).
    Removing mscan_api.o(i.CAN_TransmitItemByInt), (48 bytes).
    Removing main.o(.rev16_text), (4 bytes).
    Removing main.o(.revsh_text), (4 bytes).
    Removing main.o(.bss), (100 bytes).
    Removing can_app.o(.rev16_text), (4 bytes).
    Removing can_app.o(.revsh_text), (4 bytes).
    Removing can_app.o(i.CAN_APP_Rive), (80 bytes).
    Removing dadd.o(.text), (356 bytes).
    Removing dmul.o(.text), (208 bytes).
    Removing ddiv.o(.text), (240 bytes).
    Removing dfixul.o(.text), (64 bytes).
    Removing cdrcmple.o(.text), (40 bytes).
    Removing depilogue.o(.text), (190 bytes).
    Removing depilogue.o(i.__ARM_clz), (46 bytes).

326 unused section(s) (total 19241 bytes) removed from the image.

==============================================================================

Image Symbol Table

    Local Symbols

    Symbol Name                              Value     Ov Type        Size  Object(Section)

    ../clib/microlib/division.c              0x00000000   Number         0  uldiv.o ABSOLUTE
    ../clib/microlib/division.c              0x00000000   Number         0  idiv.o ABSOLUTE
    ../clib/microlib/division.c              0x00000000   Number         0  uidiv.o ABSOLUTE
    ../clib/microlib/init/entry.s            0x00000000   Number         0  entry10b.o ABSOLUTE
    ../clib/microlib/init/entry.s            0x00000000   Number         0  entry8b.o ABSOLUTE
    ../clib/microlib/init/entry.s            0x00000000   Number         0  entry7a.o ABSOLUTE
    ../clib/microlib/init/entry.s            0x00000000   Number         0  entry9b.o ABSOLUTE
    ../clib/microlib/init/entry.s            0x00000000   Number         0  entry7b.o ABSOLUTE
    ../clib/microlib/init/entry.s            0x00000000   Number         0  entry10a.o ABSOLUTE
    ../clib/microlib/init/entry.s            0x00000000   Number         0  entry11b.o ABSOLUTE
    ../clib/microlib/init/entry.s            0x00000000   Number         0  entry2.o ABSOLUTE
    ../clib/microlib/init/entry.s            0x00000000   Number         0  entry8a.o ABSOLUTE
    ../clib/microlib/init/entry.s            0x00000000   Number         0  entry11a.o ABSOLUTE
    ../clib/microlib/init/entry.s            0x00000000   Number         0  entry.o ABSOLUTE
    ../clib/microlib/init/entry.s            0x00000000   Number         0  entry9a.o ABSOLUTE
    ../clib/microlib/init/entry.s            0x00000000   Number         0  entry5.o ABSOLUTE
    ../clib/microlib/longlong.c              0x00000000   Number         0  llushr.o ABSOLUTE
    ../clib/microlib/longlong.c              0x00000000   Number         0  llshl.o ABSOLUTE
    ../clib/microlib/longlong.c              0x00000000   Number         0  llsshr.o ABSOLUTE
    ../clib/microlib/printf/printf.c         0x00000000   Number         0  printf8.o ABSOLUTE
    ../clib/microlib/printf/printf.c         0x00000000   Number         0  printf7.o ABSOLUTE
    ../clib/microlib/printf/printf.c         0x00000000   Number         0  printf6.o ABSOLUTE
    ../clib/microlib/printf/printf.c         0x00000000   Number         0  printf5.o ABSOLUTE
    ../clib/microlib/printf/printf.c         0x00000000   Number         0  printf4.o ABSOLUTE
    ../clib/microlib/printf/printf.c         0x00000000   Number         0  printf0.o ABSOLUTE
    ../clib/microlib/printf/printf.c         0x00000000   Number         0  printf3.o ABSOLUTE
    ../clib/microlib/printf/printf.c         0x00000000   Number         0  printf2.o ABSOLUTE
    ../clib/microlib/printf/printf.c         0x00000000   Number         0  printf1.o ABSOLUTE
    ../clib/microlib/printf/printf.c         0x00000000   Number         0  printfb.o ABSOLUTE
    ../clib/microlib/printf/printf.c         0x00000000   Number         0  printfa.o ABSOLUTE
    ../clib/microlib/printf/stubs.s          0x00000000   Number         0  stubs.o ABSOLUTE
    ../clib/microlib/stdio/streams.c         0x00000000   Number         0  stdout.o ABSOLUTE
    ../clib/microlib/string/memcpy.c         0x00000000   Number         0  memcpya.o ABSOLUTE
    ../clib/microlib/string/memcpy.c         0x00000000   Number         0  memcpyb.o ABSOLUTE
    ../clib/microlib/string/memset.c         0x00000000   Number         0  memseta.o ABSOLUTE
    ../clib/microlib/stubs.s                 0x00000000   Number         0  iusefp.o ABSOLUTE
    ../fplib/microlib/fpadd.c                0x00000000   Number         0  dadd.o ABSOLUTE
    ../fplib/microlib/fpdiv.c                0x00000000   Number         0  ddiv.o ABSOLUTE
    ../fplib/microlib/fpepilogue.c           0x00000000   Number         0  depilogue.o ABSOLUTE
    ../fplib/microlib/fpfix.c                0x00000000   Number         0  dfixul.o ABSOLUTE
    ../fplib/microlib/fpmul.c                0x00000000   Number         0  dmul.o ABSOLUTE
    ..\\common\\alloc.c                      0x00000000   Number         0  alloc.o ABSOLUTE
    ..\\common\\assert.c                     0x00000000   Number         0  assert.o ABSOLUTE
    ..\\common\\io.c                         0x00000000   Number         0  io.o ABSOLUTE
    ..\\common\\queue.c                      0x00000000   Number         0  queue.o ABSOLUTE
    ..\\common\\stdlib.c                     0x00000000   Number         0  stdlib.o ABSOLUTE
    ..\\cpu\\arm_cm0.c                       0x00000000   Number         0  arm_cm0.o ABSOLUTE
    ..\\cpu\\start.c                         0x00000000   Number         0  start.o ABSOLUTE
    ..\\cpu\\sysinit.c                       0x00000000   Number         0  sysinit.o ABSOLUTE
    ..\\cpu\\systick.c                       0x00000000   Number         0  systick.o ABSOLUTE
    ..\\cpu\\vectors.c                       0x00000000   Number         0  vectors.o ABSOLUTE
    ..\\drivers\\acmp.c                      0x00000000   Number         0  acmp.o ABSOLUTE
    ..\\drivers\\adc.c                       0x00000000   Number         0  adc.o ABSOLUTE
    ..\\drivers\\crc.c                       0x00000000   Number         0  crc.o ABSOLUTE
    ..\\drivers\\flash.c                     0x00000000   Number         0  flash.o ABSOLUTE
    ..\\drivers\\ftm.c                       0x00000000   Number         0  ftm.o ABSOLUTE
    ..\\drivers\\gpio.c                      0x00000000   Number         0  gpio.o ABSOLUTE
    ..\\drivers\\i2c.c                       0x00000000   Number         0  i2c.o ABSOLUTE
    ..\\drivers\\ics.c                       0x00000000   Number         0  ics.o ABSOLUTE
    ..\\drivers\\kbi.c                       0x00000000   Number         0  kbi.o ABSOLUTE
    ..\\drivers\\mscan.c                     0x00000000   Number         0  mscan.o ABSOLUTE
    ..\\drivers\\pit.c                       0x00000000   Number         0  pit.o ABSOLUTE
    ..\\drivers\\pmc.c                       0x00000000   Number         0  pmc.o ABSOLUTE
    ..\\drivers\\pwt.c                       0x00000000   Number         0  pwt.o ABSOLUTE
    ..\\drivers\\rtc.c                       0x00000000   Number         0  rtc.o ABSOLUTE
    ..\\drivers\\sim.c                       0x00000000   Number         0  sim.o ABSOLUTE
    ..\\drivers\\spi.c                       0x00000000   Number         0  spi.o ABSOLUTE
    ..\\drivers\\uart.c                      0x00000000   Number         0  uart.o ABSOLUTE
    ..\\drivers\\wdog.c                      0x00000000   Number         0  wdog.o ABSOLUTE
    ..\\user\\can_app.c                      0x00000000   Number         0  can_app.o ABSOLUTE
    ..\\user\\crc.c                          0x00000000   Number         0  crc_1.o ABSOLUTE
    ..\\user\\eeprom_24c.c                   0x00000000   Number         0  eeprom_24c.o ABSOLUTE
    ..\\user\\led.c                          0x00000000   Number         0  led.o ABSOLUTE
    ..\\user\\main.c                         0x00000000   Number         0  main.o ABSOLUTE
    ..\\user\\mscan_api.c                    0x00000000   Number         0  mscan_api.o ABSOLUTE
    ..\\user\\sleep.c                        0x00000000   Number         0  sleep.o ABSOLUTE
    ..\\user\\spi_app.c                      0x00000000   Number         0  spi_app.o ABSOLUTE
    ..\\user\\wdt.c                          0x00000000   Number         0  wdt.o ABSOLUTE
    ..\common\alloc.c                        0x00000000   Number         0  alloc.o ABSOLUTE
    ..\common\assert.c                       0x00000000   Number         0  assert.o ABSOLUTE
    ..\common\io.c                           0x00000000   Number         0  io.o ABSOLUTE
    ..\common\memtest.c                      0x00000000   Number         0  memtest.o ABSOLUTE
    ..\common\queue.c                        0x00000000   Number         0  queue.o ABSOLUTE
    ..\common\stdlib.c                       0x00000000   Number         0  stdlib.o ABSOLUTE
    ..\cpu\arm_cm0.c                         0x00000000   Number         0  arm_cm0.o ABSOLUTE
    ..\cpu\start.c                           0x00000000   Number         0  start.o ABSOLUTE
    ..\cpu\startup_MKE06Z4.s                 0x00000000   Number         0  startup_mke06z4.o ABSOLUTE
    ..\cpu\sysinit.c                         0x00000000   Number         0  sysinit.o ABSOLUTE
    ..\cpu\systick.c                         0x00000000   Number         0  systick.o ABSOLUTE
    ..\cpu\vectors.c                         0x00000000   Number         0  vectors.o ABSOLUTE
    ..\drivers\acmp.c                        0x00000000   Number         0  acmp.o ABSOLUTE
    ..\drivers\adc.c                         0x00000000   Number         0  adc.o ABSOLUTE
    ..\drivers\crc.c                         0x00000000   Number         0  crc.o ABSOLUTE
    ..\drivers\flash.c                       0x00000000   Number         0  flash.o ABSOLUTE
    ..\drivers\ftm.c                         0x00000000   Number         0  ftm.o ABSOLUTE
    ..\drivers\gpio.c                        0x00000000   Number         0  gpio.o ABSOLUTE
    ..\drivers\i2c.c                         0x00000000   Number         0  i2c.o ABSOLUTE
    ..\drivers\ics.c                         0x00000000   Number         0  ics.o ABSOLUTE
    ..\drivers\kbi.c                         0x00000000   Number         0  kbi.o ABSOLUTE
    ..\drivers\mscan.c                       0x00000000   Number         0  mscan.o ABSOLUTE
    ..\drivers\pit.c                         0x00000000   Number         0  pit.o ABSOLUTE
    ..\drivers\pmc.c                         0x00000000   Number         0  pmc.o ABSOLUTE
    ..\drivers\pwt.c                         0x00000000   Number         0  pwt.o ABSOLUTE
    ..\drivers\rtc.c                         0x00000000   Number         0  rtc.o ABSOLUTE
    ..\drivers\sim.c                         0x00000000   Number         0  sim.o ABSOLUTE
    ..\drivers\spi.c                         0x00000000   Number         0  spi.o ABSOLUTE
    ..\drivers\uart.c                        0x00000000   Number         0  uart.o ABSOLUTE
    ..\drivers\wdog.c                        0x00000000   Number         0  wdog.o ABSOLUTE
    ..\user\can_app.c                        0x00000000   Number         0  can_app.o ABSOLUTE
    ..\user\crc.c                            0x00000000   Number         0  crc_1.o ABSOLUTE
    ..\user\eeprom_24c.c                     0x00000000   Number         0  eeprom_24c.o ABSOLUTE
    ..\user\led.c                            0x00000000   Number         0  led.o ABSOLUTE
    ..\user\main.c                           0x00000000   Number         0  main.o ABSOLUTE
    ..\user\mscan_api.c                      0x00000000   Number         0  mscan_api.o ABSOLUTE
    ..\user\sleep.c                          0x00000000   Number         0  sleep.o ABSOLUTE
    ..\user\spi_app.c                        0x00000000   Number         0  spi_app.o ABSOLUTE
    ..\user\wdt.c                            0x00000000   Number         0  wdt.o ABSOLUTE
    cdrcmple.s                               0x00000000   Number         0  cdrcmple.o ABSOLUTE
    dc.s                                     0x00000000   Number         0  dc.o ABSOLUTE
    handlers.s                               0x00000000   Number         0  handlers.o ABSOLUTE
    init.s                                   0x00000000   Number         0  init.o ABSOLUTE
    .ARM.__AT_0x00005000                     0x00005000   Section      192  vectors.o(.ARM.__AT_0x00005000)
    RESET                                    0x000050c0   Section      192  startup_mke06z4.o(RESET)
    .ARM.Collect$$$$00000000                 0x00005180   Section        0  entry.o(.ARM.Collect$$$$00000000)
    .ARM.Collect$$$$00000001                 0x00005180   Section        4  entry2.o(.ARM.Collect$$$$00000001)
    .ARM.Collect$$$$00000004                 0x00005184   Section        4  entry5.o(.ARM.Collect$$$$00000004)
    .ARM.Collect$$$$00000008                 0x00005188   Section        0  entry7b.o(.ARM.Collect$$$$00000008)
    .ARM.Collect$$$$0000000A                 0x00005188   Section        0  entry8b.o(.ARM.Collect$$$$0000000A)
    .ARM.Collect$$$$0000000B                 0x00005188   Section        8  entry9a.o(.ARM.Collect$$$$0000000B)
    .ARM.Collect$$$$0000000D                 0x00005190   Section        0  entry10a.o(.ARM.Collect$$$$0000000D)
    .ARM.Collect$$$$0000000F                 0x00005190   Section        0  entry11a.o(.ARM.Collect$$$$0000000F)
    .ARM.Collect$$$$00002712                 0x00005190   Section        4  entry2.o(.ARM.Collect$$$$00002712)
    __lit__00000000                          0x00005190   Data           4  entry2.o(.ARM.Collect$$$$00002712)
    .text                                    0x00005194   Section       36  startup_mke06z4.o(.text)
    .text                                    0x000051b8   Section        0  uidiv.o(.text)
    .text                                    0x000051e4   Section        0  memcpya.o(.text)
    .text                                    0x00005208   Section        0  memseta.o(.text)
    .text                                    0x0000522c   Section        0  uldiv.o(.text)
    .text                                    0x0000528c   Section       36  init.o(.text)
    .text                                    0x000052b0   Section        0  llshl.o(.text)
    .text                                    0x000052d0   Section        0  llushr.o(.text)
    i.CAN_APP_Init                           0x000052f4   Section        0  can_app.o(i.CAN_APP_Init)
    i.CAN_APP_Send                           0x00005404   Section        0  can_app.o(i.CAN_APP_Send)
    i.CAN_CheckSendBufferFrame               0x00005450   Section        0  mscan_api.o(i.CAN_CheckSendBufferFrame)
    i.CAN_Enable                             0x000054d0   Section        0  mscan.o(i.CAN_Enable)
    CAN_Enable                               0x000054d1   Thumb Code    10  mscan.o(i.CAN_Enable)
    i.CAN_Init                               0x000054dc   Section        0  mscan.o(i.CAN_Init)
    i.CAN_InitialModeReq                     0x00005828   Section        0  mscan.o(i.CAN_InitialModeReq)
    CAN_InitialModeReq                       0x00005829   Thumb Code    10  mscan.o(i.CAN_InitialModeReq)
    i.CAN_IsInitialMode                      0x00005832   Section        0  mscan.o(i.CAN_IsInitialMode)
    CAN_IsInitialMode                        0x00005833   Thumb Code    10  mscan.o(i.CAN_IsInitialMode)
    i.CAN_LoadOneFrameToBuff                 0x0000583c   Section        0  mscan.o(i.CAN_LoadOneFrameToBuff)
    i.CAN_ReadOneFrameFromBuff               0x00005884   Section        0  mscan.o(i.CAN_ReadOneFrameFromBuff)
    i.CAN_SendItemToBuffer                   0x0000596c   Section        0  mscan_api.o(i.CAN_SendItemToBuffer)
    i.CAN_WakeUpEn                           0x00005b5c   Section        0  mscan.o(i.CAN_WakeUpEn)
    CAN_WakeUpEn                             0x00005b5d   Thumb Code    10  mscan.o(i.CAN_WakeUpEn)
    i.CAN_WakeUpIntEn                        0x00005b66   Section        0  mscan.o(i.CAN_WakeUpIntEn)
    CAN_WakeUpIntEn                          0x00005b67   Thumb Code    10  mscan.o(i.CAN_WakeUpIntEn)
    i.CRC_Calc                               0x00005b70   Section        0  crc_1.o(i.CRC_Calc)
    i.FEI_to_FBE_OSC                         0x00005b94   Section        0  ics.o(i.FEI_to_FBE_OSC)
    i.FEI_to_FEE                             0x00005c08   Section        0  ics.o(i.FEI_to_FEE)
    i.FEI_to_FEE_OSC                         0x00005c60   Section        0  ics.o(i.FEI_to_FEE_OSC)
    i.GPIO_Init                              0x00005cb8   Section        0  gpio.o(i.GPIO_Init)
    i.GPIO_PinClear                          0x00005e4c   Section        0  gpio.o(i.GPIO_PinClear)
    i.GPIO_PinSet                            0x00005eb4   Section        0  gpio.o(i.GPIO_PinSet)
    i.GPIO_Toggle                            0x00005f1c   Section        0  gpio.o(i.GPIO_Toggle)
    i.GREEN_Init                             0x00005f5c   Section        0  led.o(i.GREEN_Init)
    i.GREEN_Toggle                           0x00005f78   Section        0  led.o(i.GREEN_Toggle)
    i.ICS_Init                               0x00005f8c   Section        0  ics.o(i.ICS_Init)
    i.ICS_SetClkDivider                      0x00005ff0   Section        0  ics.o(i.ICS_SetClkDivider)
    i.ICS_Trim                               0x00006084   Section        0  ics.o(i.ICS_Trim)
    i.IIC_Init                               0x000060b0   Section        0  eeprom_24c.o(i.IIC_Init)
    i.KBI0_Isr                               0x000060e8   Section        0  kbi.o(i.KBI0_Isr)
    i.KBI_Init                               0x00006110   Section        0  kbi.o(i.KBI_Init)
    i.KBI_SetCallback                        0x000062a0   Section        0  kbi.o(i.KBI_SetCallback)
    i.MSCAN_GlobeVaribleInit                 0x000062bc   Section        0  mscan_api.o(i.MSCAN_GlobeVaribleInit)
    i.MSCAN_RxIsr                            0x00006304   Section        0  mscan.o(i.MSCAN_RxIsr)
    i.MSCAN_RxProcessing                     0x0000631c   Section        0  mscan_api.o(i.MSCAN_RxProcessing)
    i.MSCAN_SetRxCallBack                    0x00006398   Section        0  mscan.o(i.MSCAN_SetRxCallBack)
    i.MSCAN_SetTxCallBack                    0x000063a4   Section        0  mscan.o(i.MSCAN_SetTxCallBack)
    i.MSCAN_TxIsr                            0x000063b0   Section        0  mscan.o(i.MSCAN_TxIsr)
    i.MSCAN_TxProcessing                     0x000063c8   Section        0  mscan_api.o(i.MSCAN_TxProcessing)
    i.NMI_Isr                                0x0000644c   Section        0  wdt.o(i.NMI_Isr)
    i.NVIC_EnableIRQ                         0x00006450   Section        0  kbi.o(i.NVIC_EnableIRQ)
    NVIC_EnableIRQ                           0x00006451   Thumb Code    14  kbi.o(i.NVIC_EnableIRQ)
    i.NVIC_EnableIRQ                         0x00006464   Section        0  mscan.o(i.NVIC_EnableIRQ)
    NVIC_EnableIRQ                           0x00006465   Thumb Code    14  mscan.o(i.NVIC_EnableIRQ)
    i.NVIC_EnableIRQ                         0x00006478   Section        0  spi.o(i.NVIC_EnableIRQ)
    NVIC_EnableIRQ                           0x00006479   Thumb Code    14  spi.o(i.NVIC_EnableIRQ)
    i.OSC_Init                               0x0000648c   Section        0  ics.o(i.OSC_Init)
    i.RED_Init                               0x000064f8   Section        0  led.o(i.RED_Init)
    i.RTC_ClrFlags                           0x00006514   Section        0  rtc.o(i.RTC_ClrFlags)
    RTC_ClrFlags                             0x00006515   Thumb Code    14  rtc.o(i.RTC_ClrFlags)
    i.RTC_Isr                                0x00006528   Section        0  rtc.o(i.RTC_Isr)
    i.SIM_Init                               0x00006544   Section        0  sim.o(i.SIM_Init)
    i.SPI_APP_Init                           0x00006610   Section        0  spi_app.o(i.SPI_APP_Init)
    i.SPI_Dis                                0x00006678   Section        0  spi_app.o(i.SPI_Dis)
    i.SPI_En                                 0x00006682   Section        0  spi_app.o(i.SPI_En)
    i.SPI_Init                               0x0000668c   Section        0  spi.o(i.SPI_Init)
    i.SPI_ModfEnable                         0x00006888   Section        0  spi.o(i.SPI_ModfEnable)
    SPI_ModfEnable                           0x00006889   Thumb Code    10  spi.o(i.SPI_ModfEnable)
    i.SPI_Read                               0x00006894   Section        0  spi_app.o(i.SPI_Read)
    i.SPI_SetBaudRate                        0x0000691c   Section        0  spi.o(i.SPI_SetBaudRate)
    i.SPI_TransferWait                       0x00006986   Section        0  spi.o(i.SPI_TransferWait)
    i.SPI_Write                              0x000069cc   Section        0  spi_app.o(i.SPI_Write)
    i.Sleep_Pin_Init                         0x00006a40   Section        0  sleep.o(i.Sleep_Pin_Init)
    i.Sleep_Wake_Up                          0x00006ac0   Section        0  sleep.o(i.Sleep_Wake_Up)
    i.SystemInit                             0x00006b0c   Section        0  start.o(i.SystemInit)
    i.UART_PutChar                           0x00006b14   Section        0  uart.o(i.UART_PutChar)
    i.WDOG_DisableWDOGEnableUpdate           0x00006b24   Section        0  wdog.o(i.WDOG_DisableWDOGEnableUpdate)
    i.WDOG_Feed                              0x00006b60   Section        0  wdog.o(i.WDOG_Feed)
    i.WDOG_Init                              0x00006b7c   Section        0  wdog.o(i.WDOG_Init)
    i.WDT_Clear                              0x00006c30   Section        0  wdt.o(i.WDT_Clear)
    i.WDT_Init                               0x00006c38   Section        0  wdt.o(i.WDT_Init)
    i.__0printf$8                            0x00006c9c   Section        0  printf8.o(i.__0printf$8)
    i.__scatterload_copy                     0x00006cbc   Section       14  handlers.o(i.__scatterload_copy)
    i.__scatterload_null                     0x00006cca   Section        2  handlers.o(i.__scatterload_null)
    i.__scatterload_zeroinit                 0x00006ccc   Section       14  handlers.o(i.__scatterload_zeroinit)
    i._printf_core                           0x00006cdc   Section        0  printf8.o(i._printf_core)
    _printf_core                             0x00006cdd   Thumb Code  1020  printf8.o(i._printf_core)
    i._printf_post_padding                   0x00007104   Section        0  printf8.o(i._printf_post_padding)
    _printf_post_padding                     0x00007105   Thumb Code    32  printf8.o(i._printf_post_padding)
    i._printf_pre_padding                    0x00007124   Section        0  printf8.o(i._printf_pre_padding)
    _printf_pre_padding                      0x00007125   Thumb Code    44  printf8.o(i._printf_pre_padding)
    i.assert_failed                          0x00007150   Section        0  assert.o(i.assert_failed)
    i.default_isr                            0x00007180   Section        0  vectors.o(i.default_isr)
    i.fputc                                  0x00007182   Section        0  io.o(i.fputc)
    i.main                                   0x00007194   Section        0  main.o(i.main)
    i.out_char                               0x00007240   Section        0  io.o(i.out_char)
    i.sysinit                                0x00007254   Section        0  sysinit.o(i.sysinit)
    .constdata                               0x000072cc   Section       35  assert.o(.constdata)
    .constdata                               0x000072f0   Section      256  kbi.o(.constdata)
    .constdata                               0x000073f0   Section      256  crc_1.o(.constdata)
    .data                                    0x20000000   Section        4  sysinit.o(.data)
    .data                                    0x20000004   Section        8  kbi.o(.data)
    .data                                    0x2000000c   Section        8  mscan.o(.data)
    MSCAN_RxCallback                         0x2000000c   Data           4  mscan.o(.data)
    MSCAN_TxCallback                         0x20000010   Data           4  mscan.o(.data)
    .data                                    0x20000014   Section        4  rtc.o(.data)
    .data                                    0x20000018   Section        8  mscan_api.o(.data)
    .data                                    0x20000020   Section        4  stdout.o(.data)
    .bss                                     0x20000024   Section      580  mscan_api.o(.bss)
    STACK                                    0x20000268   Section      512  startup_mke06z4.o(STACK)

    Global Symbols

    Symbol Name                              Value     Ov Type        Size  Object(Section)

    BuildAttributes$$THM_ISAv3M$S$PE$A:L22$X:L11$S22$IEEE1$IW$USESV6$~STKCKD$USESV7$~SHL$OSPACE$ROPI$EBA8$MICROLIB$REQ8$PRES8$EABIv2 0x00000000   Number         0  anon$$obj.o ABSOLUTE
    __ARM_use_no_argv                        0x00000000   Number         0  main.o ABSOLUTE
    _printf_a                                0x00000000   Number         0  stubs.o ABSOLUTE
    _printf_c                                0x00000000   Number         0  stubs.o ABSOLUTE
    _printf_charcount                        0x00000000   Number         0  stubs.o ABSOLUTE
    _printf_d                                0x00000000   Number         0  stubs.o ABSOLUTE
    _printf_e                                0x00000000   Number         0  stubs.o ABSOLUTE
    _printf_f                                0x00000000   Number         0  stubs.o ABSOLUTE
    _printf_flags                            0x00000000   Number         0  stubs.o ABSOLUTE
    _printf_fp_dec                           0x00000000   Number         0  stubs.o ABSOLUTE
    _printf_fp_hex                           0x00000000   Number         0  stubs.o ABSOLUTE
    _printf_g                                0x00000000   Number         0  stubs.o ABSOLUTE
    _printf_i                                0x00000000   Number         0  stubs.o ABSOLUTE
    _printf_int_dec                          0x00000000   Number         0  stubs.o ABSOLUTE
    _printf_l                                0x00000000   Number         0  stubs.o ABSOLUTE
    _printf_lc                               0x00000000   Number         0  stubs.o ABSOLUTE
    _printf_ll                               0x00000000   Number         0  stubs.o ABSOLUTE
    _printf_lld                              0x00000000   Number         0  stubs.o ABSOLUTE
    _printf_lli                              0x00000000   Number         0  stubs.o ABSOLUTE
    _printf_llo                              0x00000000   Number         0  stubs.o ABSOLUTE
    _printf_llu                              0x00000000   Number         0  stubs.o ABSOLUTE
    _printf_llx                              0x00000000   Number         0  stubs.o ABSOLUTE
    _printf_longlong_dec                     0x00000000   Number         0  stubs.o ABSOLUTE
    _printf_longlong_hex                     0x00000000   Number         0  stubs.o ABSOLUTE
    _printf_longlong_oct                     0x00000000   Number         0  stubs.o ABSOLUTE
    _printf_ls                               0x00000000   Number         0  stubs.o ABSOLUTE
    _printf_mbtowc                           0x00000000   Number         0  stubs.o ABSOLUTE
    _printf_n                                0x00000000   Number         0  stubs.o ABSOLUTE
    _printf_o                                0x00000000   Number         0  stubs.o ABSOLUTE
    _printf_p                                0x00000000   Number         0  stubs.o ABSOLUTE
    _printf_percent                          0x00000000   Number         0  stubs.o ABSOLUTE
    _printf_pre_padding                      0x00000000   Number         0  stubs.o ABSOLUTE
    _printf_return_value                     0x00000000   Number         0  stubs.o ABSOLUTE
    _printf_s                                0x00000000   Number         0  stubs.o ABSOLUTE
    _printf_sizespec                         0x00000000   Number         0  stubs.o ABSOLUTE
    _printf_str                              0x00000000   Number         0  stubs.o ABSOLUTE
    _printf_truncate_signed                  0x00000000   Number         0  stubs.o ABSOLUTE
    _printf_truncate_unsigned                0x00000000   Number         0  stubs.o ABSOLUTE
    _printf_u                                0x00000000   Number         0  stubs.o ABSOLUTE
    _printf_wc                               0x00000000   Number         0  stubs.o ABSOLUTE
    _printf_wctomb                           0x00000000   Number         0  stubs.o ABSOLUTE
    _printf_widthprec                        0x00000000   Number         0  stubs.o ABSOLUTE
    _printf_x                                0x00000000   Number         0  stubs.o ABSOLUTE
    HEAP$$Base                                - Undefined Reference
    HEAP$$Limit                               - Undefined Reference
    __cpp_initialize__aeabi_                  - Undefined Weak Reference
    __cxa_finalize                            - Undefined Weak Reference
    __decompress                              - Undefined Weak Reference
    _clock_init                               - Undefined Weak Reference
    _microlib_exit                            - Undefined Weak Reference
    __Vectors_Size                           0x000000c0   Number         0  startup_mke06z4.o ABSOLUTE
    __vector_table                           0x00005000   Data         192  vectors.o(.ARM.__AT_0x00005000)
    __Vectors                                0x000050c0   Data           4  startup_mke06z4.o(RESET)
    __Vectors_End                            0x00005180   Data           0  startup_mke06z4.o(RESET)
    __main                                   0x00005181   Thumb Code     0  entry.o(.ARM.Collect$$$$00000000)
    _main_stk                                0x00005181   Thumb Code     0  entry2.o(.ARM.Collect$$$$00000001)
    _main_scatterload                        0x00005185   Thumb Code     0  entry5.o(.ARM.Collect$$$$00000004)
    __main_after_scatterload                 0x00005189   Thumb Code     0  entry5.o(.ARM.Collect$$$$00000004)
    _main_clock                              0x00005189   Thumb Code     0  entry7b.o(.ARM.Collect$$$$00000008)
    _main_cpp_init                           0x00005189   Thumb Code     0  entry8b.o(.ARM.Collect$$$$0000000A)
    _main_init                               0x00005189   Thumb Code     0  entry9a.o(.ARM.Collect$$$$0000000B)
    __rt_final_cpp                           0x00005191   Thumb Code     0  entry10a.o(.ARM.Collect$$$$0000000D)
    __rt_final_exit                          0x00005191   Thumb Code     0  entry11a.o(.ARM.Collect$$$$0000000F)
    Reset_Handler                            0x00005195   Thumb Code     8  startup_mke06z4.o(.text)
    NMI_Handler                              0x0000519d   Thumb Code     2  startup_mke06z4.o(.text)
    HardFault_Handler                        0x0000519f   Thumb Code     2  startup_mke06z4.o(.text)
    MemManage_Handler                        0x000051a1   Thumb Code     2  startup_mke06z4.o(.text)
    BusFault_Handler                         0x000051a3   Thumb Code     2  startup_mke06z4.o(.text)
    UsageFault_Handler                       0x000051a5   Thumb Code     2  startup_mke06z4.o(.text)
    SVC_Handler                              0x000051a7   Thumb Code     2  startup_mke06z4.o(.text)
    DebugMon_Handler                         0x000051a9   Thumb Code     2  startup_mke06z4.o(.text)
    PendSV_Handler                           0x000051ab   Thumb Code     2  startup_mke06z4.o(.text)
    SysTick_Handler                          0x000051ad   Thumb Code     2  startup_mke06z4.o(.text)
    ACMP0_IRQHandler                         0x000051af   Thumb Code     0  startup_mke06z4.o(.text)
    ACMP1_IRQHandler                         0x000051af   Thumb Code     0  startup_mke06z4.o(.text)
    ADC0_IRQHandler                          0x000051af   Thumb Code     0  startup_mke06z4.o(.text)
    DefaultISR                               0x000051af   Thumb Code     0  startup_mke06z4.o(.text)
    FTM0_IRQHandler                          0x000051af   Thumb Code     0  startup_mke06z4.o(.text)
    FTM1_IRQHandler                          0x000051af   Thumb Code     0  startup_mke06z4.o(.text)
    FTM2_IRQHandler                          0x000051af   Thumb Code     0  startup_mke06z4.o(.text)
    FTMRE_IRQHandler                         0x000051af   Thumb Code     0  startup_mke06z4.o(.text)
    I2C0_IRQHandler                          0x000051af   Thumb Code     0  startup_mke06z4.o(.text)
    I2C1_IRQHandler                          0x000051af   Thumb Code     0  startup_mke06z4.o(.text)
    ICS_IRQHandler                           0x000051af   Thumb Code     0  startup_mke06z4.o(.text)
    IRQ_IRQHandler                           0x000051af   Thumb Code     0  startup_mke06z4.o(.text)
    KBI0_IRQHandler                          0x000051af   Thumb Code     0  startup_mke06z4.o(.text)
    KBI1_IRQHandler                          0x000051af   Thumb Code     0  startup_mke06z4.o(.text)
    LVD_LVW_IRQHandler                       0x000051af   Thumb Code     0  startup_mke06z4.o(.text)
    MSCAN_RX_IRQHandler                      0x000051af   Thumb Code     0  startup_mke06z4.o(.text)
    MSCAN_TX_IRQHandler                      0x000051af   Thumb Code     0  startup_mke06z4.o(.text)
    PIT_CH0_IRQHandler                       0x000051af   Thumb Code     0  startup_mke06z4.o(.text)
    PIT_CH1_IRQHandler                       0x000051af   Thumb Code     0  startup_mke06z4.o(.text)
    PWT_IRQHandler                           0x000051af   Thumb Code     0  startup_mke06z4.o(.text)
    RTC_IRQHandler                           0x000051af   Thumb Code     0  startup_mke06z4.o(.text)
    Reserved16_IRQHandler                    0x000051af   Thumb Code     0  startup_mke06z4.o(.text)
    Reserved17_IRQHandler                    0x000051af   Thumb Code     0  startup_mke06z4.o(.text)
    Reserved18_IRQHandler                    0x000051af   Thumb Code     0  startup_mke06z4.o(.text)
    Reserved19_IRQHandler                    0x000051af   Thumb Code     0  startup_mke06z4.o(.text)
    Reserved20_IRQHandler                    0x000051af   Thumb Code     0  startup_mke06z4.o(.text)
    Reserved42_IRQHandler                    0x000051af   Thumb Code     0  startup_mke06z4.o(.text)
    SPI0_IRQHandler                          0x000051af   Thumb Code     0  startup_mke06z4.o(.text)
    SPI1_IRQHandler                          0x000051af   Thumb Code     0  startup_mke06z4.o(.text)
    UART0_IRQHandler                         0x000051af   Thumb Code     0  startup_mke06z4.o(.text)
    UART1_IRQHandler                         0x000051af   Thumb Code     0  startup_mke06z4.o(.text)
    UART2_IRQHandler                         0x000051af   Thumb Code     0  startup_mke06z4.o(.text)
    Watchdog_IRQHandler                      0x000051af   Thumb Code     0  startup_mke06z4.o(.text)
    __aeabi_uidiv                            0x000051b9   Thumb Code     0  uidiv.o(.text)
    __aeabi_uidivmod                         0x000051b9   Thumb Code    44  uidiv.o(.text)
    __aeabi_memcpy                           0x000051e5   Thumb Code    36  memcpya.o(.text)
    __aeabi_memcpy4                          0x000051e5   Thumb Code     0  memcpya.o(.text)
    __aeabi_memcpy8                          0x000051e5   Thumb Code     0  memcpya.o(.text)
    __aeabi_memset                           0x00005209   Thumb Code    14  memseta.o(.text)
    __aeabi_memset4                          0x00005209   Thumb Code     0  memseta.o(.text)
    __aeabi_memset8                          0x00005209   Thumb Code     0  memseta.o(.text)
    __aeabi_memclr                           0x00005217   Thumb Code     4  memseta.o(.text)
    __aeabi_memclr4                          0x00005217   Thumb Code     0  memseta.o(.text)
    __aeabi_memclr8                          0x00005217   Thumb Code     0  memseta.o(.text)
    _memset$wrapper                          0x0000521b   Thumb Code    18  memseta.o(.text)
    __aeabi_uldivmod                         0x0000522d   Thumb Code    96  uldiv.o(.text)
    __scatterload                            0x0000528d   Thumb Code    28  init.o(.text)
    __scatterload_rt2                        0x0000528d   Thumb Code     0  init.o(.text)
    __aeabi_llsl                             0x000052b1   Thumb Code    32  llshl.o(.text)
    _ll_shift_l                              0x000052b1   Thumb Code     0  llshl.o(.text)
    __aeabi_llsr                             0x000052d1   Thumb Code    34  llushr.o(.text)
    _ll_ushift_r                             0x000052d1   Thumb Code     0  llushr.o(.text)
    CAN_APP_Init                             0x000052f5   Thumb Code   250  can_app.o(i.CAN_APP_Init)
    CAN_APP_Send                             0x00005405   Thumb Code    62  can_app.o(i.CAN_APP_Send)
    CAN_CheckSendBufferFrame                 0x00005451   Thumb Code   128  mscan_api.o(i.CAN_CheckSendBufferFrame)
    CAN_Init                                 0x000054dd   Thumb Code   836  mscan.o(i.CAN_Init)
    CAN_LoadOneFrameToBuff                   0x0000583d   Thumb Code    68  mscan.o(i.CAN_LoadOneFrameToBuff)
    CAN_ReadOneFrameFromBuff                 0x00005885   Thumb Code   232  mscan.o(i.CAN_ReadOneFrameFromBuff)
    CAN_SendItemToBuffer                     0x0000596d   Thumb Code   496  mscan_api.o(i.CAN_SendItemToBuffer)
    CRC_Calc                                 0x00005b71   Thumb Code    32  crc_1.o(i.CRC_Calc)
    FEI_to_FBE_OSC                           0x00005b95   Thumb Code   112  ics.o(i.FEI_to_FBE_OSC)
    FEI_to_FEE                               0x00005c09   Thumb Code    84  ics.o(i.FEI_to_FEE)
    FEI_to_FEE_OSC                           0x00005c61   Thumb Code    84  ics.o(i.FEI_to_FEE_OSC)
    GPIO_Init                                0x00005cb9   Thumb Code   376  gpio.o(i.GPIO_Init)
    GPIO_PinClear                            0x00005e4d   Thumb Code    74  gpio.o(i.GPIO_PinClear)
    GPIO_PinSet                              0x00005eb5   Thumb Code    74  gpio.o(i.GPIO_PinSet)
    GPIO_Toggle                              0x00005f1d   Thumb Code    40  gpio.o(i.GPIO_Toggle)
    GREEN_Init                               0x00005f5d   Thumb Code    22  led.o(i.GREEN_Init)
    GREEN_Toggle                             0x00005f79   Thumb Code    14  led.o(i.GREEN_Toggle)
    ICS_Init                                 0x00005f8d   Thumb Code    96  ics.o(i.ICS_Init)
    ICS_SetClkDivider                        0x00005ff1   Thumb Code   136  ics.o(i.ICS_SetClkDivider)
    ICS_Trim                                 0x00006085   Thumb Code    38  ics.o(i.ICS_Trim)
    IIC_Init                                 0x000060b1   Thumb Code    52  eeprom_24c.o(i.IIC_Init)
    KBI0_Isr                                 0x000060e9   Thumb Code    30  kbi.o(i.KBI0_Isr)
    KBI_Init                                 0x00006111   Thumb Code   354  kbi.o(i.KBI_Init)
    KBI_SetCallback                          0x000062a1   Thumb Code    18  kbi.o(i.KBI_SetCallback)
    MSCAN_GlobeVaribleInit                   0x000062bd   Thumb Code    46  mscan_api.o(i.MSCAN_GlobeVaribleInit)
    MSCAN_RxIsr                              0x00006305   Thumb Code    18  mscan.o(i.MSCAN_RxIsr)
    MSCAN_RxProcessing                       0x0000631d   Thumb Code   104  mscan_api.o(i.MSCAN_RxProcessing)
    MSCAN_SetRxCallBack                      0x00006399   Thumb Code     6  mscan.o(i.MSCAN_SetRxCallBack)
    MSCAN_SetTxCallBack                      0x000063a5   Thumb Code     6  mscan.o(i.MSCAN_SetTxCallBack)
    MSCAN_TxIsr                              0x000063b1   Thumb Code    18  mscan.o(i.MSCAN_TxIsr)
    MSCAN_TxProcessing                       0x000063c9   Thumb Code   124  mscan_api.o(i.MSCAN_TxProcessing)
    NMI_Isr                                  0x0000644d   Thumb Code     4  wdt.o(i.NMI_Isr)
    OSC_Init                                 0x0000648d   Thumb Code   102  ics.o(i.OSC_Init)
    RED_Init                                 0x000064f9   Thumb Code    22  led.o(i.RED_Init)
    RTC_Isr                                  0x00006529   Thumb Code    22  rtc.o(i.RTC_Isr)
    SIM_Init                                 0x00006545   Thumb Code   200  sim.o(i.SIM_Init)
    SPI_APP_Init                             0x00006611   Thumb Code    88  spi_app.o(i.SPI_APP_Init)
    SPI_Dis                                  0x00006679   Thumb Code    10  spi_app.o(i.SPI_Dis)
    SPI_En                                   0x00006683   Thumb Code    10  spi_app.o(i.SPI_En)
    SPI_Init                                 0x0000668d   Thumb Code   474  spi.o(i.SPI_Init)
    SPI_Read                                 0x00006895   Thumb Code   130  spi_app.o(i.SPI_Read)
    SPI_SetBaudRate                          0x0000691d   Thumb Code   106  spi.o(i.SPI_SetBaudRate)
    SPI_TransferWait                         0x00006987   Thumb Code    70  spi.o(i.SPI_TransferWait)
    SPI_Write                                0x000069cd   Thumb Code   112  spi_app.o(i.SPI_Write)
    Sleep_Pin_Init                           0x00006a41   Thumb Code   118  sleep.o(i.Sleep_Pin_Init)
    Sleep_Wake_Up                            0x00006ac1   Thumb Code    62  sleep.o(i.Sleep_Wake_Up)
    SystemInit                               0x00006b0d   Thumb Code     8  start.o(i.SystemInit)
    UART_PutChar                             0x00006b15   Thumb Code    16  uart.o(i.UART_PutChar)
    WDOG_DisableWDOGEnableUpdate             0x00006b25   Thumb Code    46  wdog.o(i.WDOG_DisableWDOGEnableUpdate)
    WDOG_Feed                                0x00006b61   Thumb Code    16  wdog.o(i.WDOG_Feed)
    WDOG_Init                                0x00006b7d   Thumb Code   168  wdog.o(i.WDOG_Init)
    WDT_Clear                                0x00006c31   Thumb Code     8  wdt.o(i.WDT_Clear)
    WDT_Init                                 0x00006c39   Thumb Code   100  wdt.o(i.WDT_Init)
    __0printf$8                              0x00006c9d   Thumb Code    24  printf8.o(i.__0printf$8)
    __1printf$8                              0x00006c9d   Thumb Code     0  printf8.o(i.__0printf$8)
    __2printf                                0x00006c9d   Thumb Code     0  printf8.o(i.__0printf$8)
    __scatterload_copy                       0x00006cbd   Thumb Code    14  handlers.o(i.__scatterload_copy)
    __scatterload_null                       0x00006ccb   Thumb Code     2  handlers.o(i.__scatterload_null)
    __scatterload_zeroinit                   0x00006ccd   Thumb Code    14  handlers.o(i.__scatterload_zeroinit)
    assert_failed                            0x00007151   Thumb Code    38  assert.o(i.assert_failed)
    default_isr                              0x00007181   Thumb Code     2  vectors.o(i.default_isr)
    fputc                                    0x00007183   Thumb Code    16  io.o(i.fputc)
    main                                     0x00007195   Thumb Code   134  main.o(i.main)
    out_char                                 0x00007241   Thumb Code    14  io.o(i.out_char)
    sysinit                                  0x00007255   Thumb Code   106  sysinit.o(i.sysinit)
    ASSERT_FAILED_STR                        0x000072cc   Data          35  assert.o(.constdata)
    CRC_Calc_Tab                             0x000073f0   Data         256  crc_1.o(.constdata)
    Region$$Table$$Base                      0x000074f0   Number         0  anon$$obj.o(Region$$Table)
    Region$$Table$$Limit                     0x00007510   Number         0  anon$$obj.o(Region$$Table)
    global_pass_count                        0x20000000   Data           2  sysinit.o(.data)
    global_fail_count                        0x20000002   Data           2  sysinit.o(.data)
    KBI_Callback                             0x20000004   Data           8  kbi.o(.data)
    RTC_Callback                             0x20000014   Data           4  rtc.o(.data)
    u8RxFrameBufferIndex                     0x20000018   Data           1  mscan_api.o(.data)
    u8RxFrameHeader                          0x20000019   Data           1  mscan_api.o(.data)
    u8RxFrameBufferFreeLength                0x2000001a   Data           1  mscan_api.o(.data)
    u32RxInterruptCounter                    0x2000001c   Data           4  mscan_api.o(.data)
    __stdout                                 0x20000020   Data           4  stdout.o(.data)
    sCAN_TxBuff                              0x20000024   Data         259  mscan_api.o(.bss)
    sRxFrame                                 0x20000128   Data         320  mscan_api.o(.bss)
    __initial_sp                             0x20000468   Data           0  startup_mke06z4.o(STACK)



==============================================================================

Memory Map of the image

  Image Entry point : 0x00005181

  Load Region LR_IROM1 (Base: 0x00005000, Size: 0x00002534, Max: 0x00020000, ABSOLUTE)

    Execution Region ER_IROM1 (Base: 0x00005000, Size: 0x00002510, Max: 0x00020000, ABSOLUTE)

    Base Addr    Size         Type   Attr      Idx    E Section Name        Object

    0x00005000   0x000000c0   Data   RO          502    .ARM.__AT_0x00005000  vectors.o
    0x000050c0   0x000000c0   Data   RO          541    RESET               startup_mke06z4.o
    0x00005180   0x00000000   Code   RO         2555  * .ARM.Collect$$$$00000000  mc_p.l(entry.o)
    0x00005180   0x00000004   Code   RO         2829    .ARM.Collect$$$$00000001  mc_p.l(entry2.o)
    0x00005184   0x00000004   Code   RO         2832    .ARM.Collect$$$$00000004  mc_p.l(entry5.o)
    0x00005188   0x00000000   Code   RO         2834    .ARM.Collect$$$$00000008  mc_p.l(entry7b.o)
    0x00005188   0x00000000   Code   RO         2836    .ARM.Collect$$$$0000000A  mc_p.l(entry8b.o)
    0x00005188   0x00000008   Code   RO         2837    .ARM.Collect$$$$0000000B  mc_p.l(entry9a.o)
    0x00005190   0x00000000   Code   RO         2839    .ARM.Collect$$$$0000000D  mc_p.l(entry10a.o)
    0x00005190   0x00000000   Code   RO         2841    .ARM.Collect$$$$0000000F  mc_p.l(entry11a.o)
    0x00005190   0x00000004   Code   RO         2830    .ARM.Collect$$$$00002712  mc_p.l(entry2.o)
    0x00005194   0x00000024   Code   RO          542    .text               startup_mke06z4.o
    0x000051b8   0x0000002c   Code   RO         2558    .text               mc_p.l(uidiv.o)
    0x000051e4   0x00000024   Code   RO         2562    .text               mc_p.l(memcpya.o)
    0x00005208   0x00000024   Code   RO         2564    .text               mc_p.l(memseta.o)
    0x0000522c   0x00000060   Code   RO         2844    .text               mc_p.l(uldiv.o)
    0x0000528c   0x00000024   Code   RO         2857    .text               mc_p.l(init.o)
    0x000052b0   0x00000020   Code   RO         2859    .text               mc_p.l(llshl.o)
    0x000052d0   0x00000022   Code   RO         2861    .text               mc_p.l(llushr.o)
    0x000052f2   0x00000002   PAD
    0x000052f4   0x00000110   Code   RO         2525    i.CAN_APP_Init      can_app.o
    0x00005404   0x0000004c   Code   RO         2527    i.CAN_APP_Send      can_app.o
    0x00005450   0x00000080   Code   RO         2420    i.CAN_CheckSendBufferFrame  mscan_api.o
    0x000054d0   0x0000000a   Code   RO         1508    i.CAN_Enable        mscan.o
    0x000054da   0x00000002   PAD
    0x000054dc   0x0000034c   Code   RO         1510    i.CAN_Init          mscan.o
    0x00005828   0x0000000a   Code   RO         1511    i.CAN_InitialModeReq  mscan.o
    0x00005832   0x0000000a   Code   RO         1512    i.CAN_IsInitialMode  mscan.o
    0x0000583c   0x00000048   Code   RO         1514    i.CAN_LoadOneFrameToBuff  mscan.o
    0x00005884   0x000000e8   Code   RO         1515    i.CAN_ReadOneFrameFromBuff  mscan.o
    0x0000596c   0x000001f0   Code   RO         2422    i.CAN_SendItemToBuffer  mscan_api.o
    0x00005b5c   0x0000000a   Code   RO         1516    i.CAN_WakeUpEn      mscan.o
    0x00005b66   0x0000000a   Code   RO         1518    i.CAN_WakeUpIntEn   mscan.o
    0x00005b70   0x00000024   Code   RO         2300    i.CRC_Calc          crc_1.o
    0x00005b94   0x00000074   Code   RO         1294    i.FEI_to_FBE_OSC    ics.o
    0x00005c08   0x00000058   Code   RO         1296    i.FEI_to_FEE        ics.o
    0x00005c60   0x00000058   Code   RO         1297    i.FEI_to_FEE_OSC    ics.o
    0x00005cb8   0x00000194   Code   RO         1059    i.GPIO_Init         gpio.o
    0x00005e4c   0x00000068   Code   RO         1060    i.GPIO_PinClear     gpio.o
    0x00005eb4   0x00000068   Code   RO         1062    i.GPIO_PinSet       gpio.o
    0x00005f1c   0x00000040   Code   RO         1065    i.GPIO_Toggle       gpio.o
    0x00005f5c   0x0000001c   Code   RO         2128    i.GREEN_Init        led.o
    0x00005f78   0x00000014   Code   RO         2131    i.GREEN_Toggle      led.o
    0x00005f8c   0x00000064   Code   RO         1299    i.ICS_Init          ics.o
    0x00005ff0   0x00000094   Code   RO         1300    i.ICS_SetClkDivider  ics.o
    0x00006084   0x0000002c   Code   RO         1301    i.ICS_Trim          ics.o
    0x000060b0   0x00000038   Code   RO         2324    i.IIC_Init          eeprom_24c.o
    0x000060e8   0x00000028   Code   RO         1446    i.KBI0_Isr          kbi.o
    0x00006110   0x00000190   Code   RO         1449    i.KBI_Init          kbi.o
    0x000062a0   0x0000001c   Code   RO         1450    i.KBI_SetCallback   kbi.o
    0x000062bc   0x00000048   Code   RO         2424    i.MSCAN_GlobeVaribleInit  mscan_api.o
    0x00006304   0x00000018   Code   RO         1519    i.MSCAN_RxIsr       mscan.o
    0x0000631c   0x0000007c   Code   RO         2425    i.MSCAN_RxProcessing  mscan_api.o
    0x00006398   0x0000000c   Code   RO         1520    i.MSCAN_SetRxCallBack  mscan.o
    0x000063a4   0x0000000c   Code   RO         1521    i.MSCAN_SetTxCallBack  mscan.o
    0x000063b0   0x00000018   Code   RO         1522    i.MSCAN_TxIsr       mscan.o
    0x000063c8   0x00000084   Code   RO         2426    i.MSCAN_TxProcessing  mscan_api.o
    0x0000644c   0x00000004   Code   RO         2206    i.NMI_Isr           wdt.o
    0x00006450   0x00000014   Code   RO         1452    i.NVIC_EnableIRQ    kbi.o
    0x00006464   0x00000014   Code   RO         1523    i.NVIC_EnableIRQ    mscan.o
    0x00006478   0x00000014   Code   RO         1884    i.NVIC_EnableIRQ    spi.o
    0x0000648c   0x0000006c   Code   RO         1304    i.OSC_Init          ics.o
    0x000064f8   0x0000001c   Code   RO         2132    i.RED_Init          led.o
    0x00006514   0x00000014   Code   RO         1793    i.RTC_ClrFlags      rtc.o
    0x00006528   0x0000001c   Code   RO         1796    i.RTC_Isr           rtc.o
    0x00006544   0x000000cc   Code   RO         1847    i.SIM_Init          sim.o
    0x00006610   0x00000068   Code   RO         2241    i.SPI_APP_Init      spi_app.o
    0x00006678   0x0000000a   Code   RO         2243    i.SPI_Dis           spi_app.o
    0x00006682   0x0000000a   Code   RO         2244    i.SPI_En            spi_app.o
    0x0000668c   0x000001fc   Code   RO         1888    i.SPI_Init          spi.o
    0x00006888   0x0000000a   Code   RO         1889    i.SPI_ModfEnable    spi.o
    0x00006892   0x00000002   PAD
    0x00006894   0x00000088   Code   RO         2245    i.SPI_Read          spi_app.o
    0x0000691c   0x0000006a   Code   RO         1890    i.SPI_SetBaudRate   spi.o
    0x00006986   0x00000046   Code   RO         1892    i.SPI_TransferWait  spi.o
    0x000069cc   0x00000074   Code   RO         2246    i.SPI_Write         spi_app.o
    0x00006a40   0x00000080   Code   RO         2388    i.Sleep_Pin_Init    sleep.o
    0x00006ac0   0x0000004c   Code   RO         2389    i.Sleep_Wake_Up     sleep.o
    0x00006b0c   0x00000008   Code   RO          372    i.SystemInit        start.o
    0x00006b14   0x00000010   Code   RO         1965    i.UART_PutChar      uart.o
    0x00006b24   0x0000003c   Code   RO         2069    i.WDOG_DisableWDOGEnableUpdate  wdog.o
    0x00006b60   0x0000001c   Code   RO         2072    i.WDOG_Feed         wdog.o
    0x00006b7c   0x000000b4   Code   RO         2073    i.WDOG_Init         wdog.o
    0x00006c30   0x00000008   Code   RO         2207    i.WDT_Clear         wdt.o
    0x00006c38   0x00000064   Code   RO         2208    i.WDT_Init          wdt.o
    0x00006c9c   0x00000020   Code   RO         2775    i.__0printf$8       mc_p.l(printf8.o)
    0x00006cbc   0x0000000e   Code   RO         2871    i.__scatterload_copy  mc_p.l(handlers.o)
    0x00006cca   0x00000002   Code   RO         2872    i.__scatterload_null  mc_p.l(handlers.o)
    0x00006ccc   0x0000000e   Code   RO         2873    i.__scatterload_zeroinit  mc_p.l(handlers.o)
    0x00006cda   0x00000002   PAD
    0x00006cdc   0x00000428   Code   RO         2782    i._printf_core      mc_p.l(printf8.o)
    0x00007104   0x00000020   Code   RO         2783    i._printf_post_padding  mc_p.l(printf8.o)
    0x00007124   0x0000002c   Code   RO         2784    i._printf_pre_padding  mc_p.l(printf8.o)
    0x00007150   0x00000030   Code   RO           76    i.assert_failed     assert.o
    0x00007180   0x00000002   Code   RO          500    i.default_isr       vectors.o
    0x00007182   0x00000010   Code   RO          100    i.fputc             io.o
    0x00007192   0x00000002   PAD
    0x00007194   0x000000ac   Code   RO         2486    i.main              main.o
    0x00007240   0x00000014   Code   RO          102    i.out_char          io.o
    0x00007254   0x00000078   Code   RO          416    i.sysinit           sysinit.o
    0x000072cc   0x00000023   Data   RO           77    .constdata          assert.o
    0x000072ef   0x00000001   PAD
    0x000072f0   0x00000100   Data   RO         1453    .constdata          kbi.o
    0x000073f0   0x00000100   Data   RO         2301    .constdata          crc_1.o
    0x000074f0   0x00000020   Data   RO         2869    Region$$Table       anon$$obj.o


    Execution Region RW_IRAM1 (Base: 0x20000000, Size: 0x00000468, Max: 0x00003000, ABSOLUTE)

    Base Addr    Size         Type   Attr      Idx    E Section Name        Object

    0x20000000   0x00000004   Data   RW          418    .data               sysinit.o
    0x20000004   0x00000008   Data   RW         1454    .data               kbi.o
    0x2000000c   0x00000008   Data   RW         1524    .data               mscan.o
    0x20000014   0x00000004   Data   RW         1798    .data               rtc.o
    0x20000018   0x00000008   Data   RW         2428    .data               mscan_api.o
    0x20000020   0x00000004   Data   RW         2843    .data               mc_p.l(stdout.o)
    0x20000024   0x00000244   Zero   RW         2427    .bss                mscan_api.o
    0x20000268   0x00000200   Zero   RW          539    STACK               startup_mke06z4.o


==============================================================================

Image component sizes


      Code (inc. data)   RO Data    RW Data    ZI Data      Debug   Object Name

         0          0          0          0          0       5744   acmp.o
         0          0          0          0          0       5744   adc.o
         0          0          0          0          0      83388   alloc.o
        48         10         35          0          0       1008   assert.o
       348         36          0          0          0       1374   can_app.o
        36          4        256          0          0        986   crc_1.o
        56          4          0          0          0        415   eeprom_24c.o
       676        112          0          0          0       5452   gpio.o
       692         40          0          0          0       4940   ics.o
        36          6          0          0          0       6999   io.o
       488         72        256          8          0       3943   kbi.o
        76         18          0          0          0       3435   led.o
       172         38          0          0          0      12859   main.o
      1290         42          0          8          0      17231   mscan.o
       952         54          0          8        580      12537   mscan_api.o
        48         12          0          4          0       2257   rtc.o
       204          4          0          0          0        891   sim.o
       204         24          0          0          0       2325   sleep.o
       714         40          0          0          0       6756   spi.o
       376         26          0          0          0       3049   spi_app.o
         8          0          0          0          0        389   start.o
        36          8        192          0        512        748   startup_mke06z4.o
       120         14          0          4          0       1928   sysinit.o
        16          0          0          0          0       2875   uart.o
         2          0        192          0          0        967   vectors.o
       268         38          0          0          0       1531   wdog.o
       112          0          0          0          0       1217   wdt.o

    ----------------------------------------------------------------------
      6984        602        964         32       1092     190988   Object Totals
         0          0         32          0          0          0   (incl. Generated)
         6          0          1          0          0          0   (incl. Padding)

    ----------------------------------------------------------------------

      Code (inc. data)   RO Data    RW Data    ZI Data      Debug   Library Member Name

         0          0          0          0          0          0   entry.o
         0          0          0          0          0          0   entry10a.o
         0          0          0          0          0          0   entry11a.o
         8          4          0          0          0          0   entry2.o
         4          0          0          0          0          0   entry5.o
         0          0          0          0          0          0   entry7b.o
         0          0          0          0          0          0   entry8b.o
         8          4          0          0          0          0   entry9a.o
        30          0          0          0          0          0   handlers.o
        36          8          0          0          0         68   init.o
        32          0          0          0          0         68   llshl.o
        34          0          0          0          0         68   llushr.o
        36          0          0          0          0         60   memcpya.o
        36          0          0          0          0        100   memseta.o
      1172         52          0          0          0        324   printf8.o
         0          0          0          4          0          0   stdout.o
        44          0          0          0          0         72   uidiv.o
        96          0          0          0          0         84   uldiv.o

    ----------------------------------------------------------------------
      1540         68          0          4          0        844   Library Totals
         4          0          0          0          0          0   (incl. Padding)

    ----------------------------------------------------------------------

      Code (inc. data)   RO Data    RW Data    ZI Data      Debug   Library Name

      1536         68          0          4          0        844   mc_p.l

    ----------------------------------------------------------------------
      1540         68          0          4          0        844   Library Totals

    ----------------------------------------------------------------------

==============================================================================


      Code (inc. data)   RO Data    RW Data    ZI Data      Debug   

      8524        670        964         36       1092     188728   Grand Totals
      8524        670        964         36       1092     188728   ELF Image Totals
      8524        670        964         36          0          0   ROM Totals

==============================================================================

    Total RO  Size (Code + RO Data)                 9488 (   9.27kB)
    Total RW  Size (RW Data + ZI Data)              1128 (   1.10kB)
    Total ROM Size (Code + RO Data + RW Data)       9524 (   9.30kB)

==============================================================================

