<html>
<body>
<pre>
<h1>µVision Build Log</h1>
<h2>Tool Versions:</h2>
IDE-Version: ¦ÌVision V5.21.1.0
Copyright (C) 2016 ARM Ltd and ARM Germany GmbH. All rights reserved.
License Information: 1 Microsoft, Microsoft, LIC=QF8PC-7807E-YVQ1Y-I5T3V-2LW2I-NBC5L
 
Tool Versions:
Toolchain:       MDK-ARM Plus  Version: 5.21a
Toolchain Path:  D:\Keil_v5\ARM\ARMCC\Bin
C Compiler:      Armcc.exe V5.06 update 3 (build 300)
Assembler:       Armasm.exe V5.06 update 3 (build 300)
Linker/Locator:  ArmLink.exe V5.06 update 3 (build 300)
Library Manager: ArmAr.exe V5.06 update 3 (build 300)
Hex Converter:   FromElf.exe V5.06 update 3 (build 300)
CPU DLL:         SARMCM3.DLL V5.21a
Dialog DLL:      DARMCM1.DLL V1.14.0.0
Target DLL:      PEMicro\Pemicro_ArmCortexInterface.dll V1.11
Dialog DLL:      TARMCM1.DLL V1.10.0.0
 
<h2>Project:</h2>
E:\Github\ES-AN49503\project\ES-AN49503.uvprojx
Project File Date:  09/29/2016

<h2>Output:</h2>
*** Using Compiler 'V5.06 update 3 (build 300)', folder: 'D:\Keil_v5\ARM\ARMCC\Bin'
Rebuild target 'ES-AN49503'
Clean started - Project: 'ES-AN49503'
   deleting intermediate output files for target 'ES-AN49503'
compiling alloc.c...
compiling assert.c...
compiling io.c...
compiling memtest.c...
compiling queue.c...
compiling stdlib.c...
compiling arm_cm0.c...
compiling start.c...
compiling sysinit.c...
compiling systick.c...
compiling vectors.c...
assembling startup_MKE06Z4.s...
compiling acmp.c...
compiling adc.c...
compiling crc.c...
compiling flash.c...
compiling ftm.c...
compiling gpio.c...
..\drivers\gpio.h(169): warning:  #61-D: integer operation result is out of range
      GPIO_PTD7_MASK = (1<<31),   /*!< GPIO Pin PTD7 bit mask */
..\drivers\gpio.h(202): warning:  #61-D: integer operation result is out of range
      GPIO_PTH7_MASK = (1<<31),   /*!< GPIO Pin PTH7 bit mask */
..\drivers\gpio.c: 2 warnings, 0 errors
compiling i2c.c...
compiling ics.c...
compiling kbi.c...
compiling mscan.c...
compiling pit.c...
compiling pmc.c...
compiling pwt.c...
compiling rtc.c...
compiling sim.c...
compiling spi.c...
compiling uart.c...
compiling wdog.c...
compiling main.c...
..\drivers\gpio.h(169): warning:  #61-D: integer operation result is out of range
      GPIO_PTD7_MASK = (1<<31),   /*!< GPIO Pin PTD7 bit mask */
..\drivers\gpio.h(202): warning:  #61-D: integer operation result is out of range
      GPIO_PTH7_MASK = (1<<31),   /*!< GPIO Pin PTH7 bit mask */
..\user\main.c(25): warning:  #177-D: variable "i" was declared but never referenced
      uint32_t i;
..\user\main.c(26): warning:  #177-D: variable "data" was declared but never referenced
      uint16_t data=0;
..\user\main.c(27): warning:  #177-D: variable "i2c_buff" was declared but never referenced
      uint8_t i2c_buff[3]={0x04,0x05,0x06};
..\user\main.c(28): warning:  #177-D: variable "buff" was declared but never referenced
      uint8_t buff[3];
..\user\main.c: 6 warnings, 0 errors
compiling led.c...
..\drivers\gpio.h(169): warning:  #61-D: integer operation result is out of range
      GPIO_PTD7_MASK = (1<<31),   /*!< GPIO Pin PTD7 bit mask */
..\drivers\gpio.h(202): warning:  #61-D: integer operation result is out of range
      GPIO_PTH7_MASK = (1<<31),   /*!< GPIO Pin PTH7 bit mask */
..\user\led.c: 2 warnings, 0 errors
compiling wdt.c...
compiling spi_app.c...
..\drivers\gpio.h(169): warning:  #61-D: integer operation result is out of range
      GPIO_PTD7_MASK = (1<<31),   /*!< GPIO Pin PTD7 bit mask */
..\drivers\gpio.h(202): warning:  #61-D: integer operation result is out of range
      GPIO_PTH7_MASK = (1<<31),   /*!< GPIO Pin PTH7 bit mask */
..\user\spi_app.c(100): warning:  #177-D: variable "crc" was declared but never referenced
      uint8_t crc = 0;
..\user\spi_app.c: 3 warnings, 0 errors
compiling crc.c...
compiling eeprom_24c.c...
..\drivers\gpio.h(169): warning:  #61-D: integer operation result is out of range
      GPIO_PTD7_MASK = (1<<31),   /*!< GPIO Pin PTD7 bit mask */
..\drivers\gpio.h(202): warning:  #61-D: integer operation result is out of range
      GPIO_PTH7_MASK = (1<<31),   /*!< GPIO Pin PTH7 bit mask */
..\user\eeprom_24c.c: 2 warnings, 0 errors
compiling sleep.c...
..\drivers\gpio.h(169): warning:  #61-D: integer operation result is out of range
      GPIO_PTD7_MASK = (1<<31),   /*!< GPIO Pin PTD7 bit mask */
..\drivers\gpio.h(202): warning:  #61-D: integer operation result is out of range
      GPIO_PTH7_MASK = (1<<31),   /*!< GPIO Pin PTH7 bit mask */
..\user\sleep.c: 2 warnings, 0 errors
linking...
Program Size: Code=5936 RO-data=964 RW-data=20 ZI-data=516  
".\Objects\ES-AN49503.axf" - 0 Error(s), 17 Warning(s).

*** Performing Cross-Module-Optimization:
compiling alloc.c...
compiling assert.c...
compiling io.c...
compiling memtest.c...
compiling queue.c...
compiling stdlib.c...
compiling arm_cm0.c...
compiling start.c...
compiling sysinit.c...
compiling systick.c...
compiling vectors.c...
compiling acmp.c...
compiling adc.c...
compiling crc.c...
compiling flash.c...
compiling ftm.c...
compiling gpio.c...
..\drivers\gpio.h(169): warning:  #61-D: integer operation result is out of range
      GPIO_PTD7_MASK = (1<<31),   /*!< GPIO Pin PTD7 bit mask */
..\drivers\gpio.h(202): warning:  #61-D: integer operation result is out of range
      GPIO_PTH7_MASK = (1<<31),   /*!< GPIO Pin PTH7 bit mask */
..\drivers\gpio.c: 2 warnings, 0 errors
compiling i2c.c...
compiling ics.c...
compiling kbi.c...
compiling mscan.c...
compiling pit.c...
compiling pmc.c...
compiling pwt.c...
compiling rtc.c...
compiling sim.c...
compiling spi.c...
compiling uart.c...
compiling wdog.c...
compiling main.c...
..\drivers\gpio.h(169): warning:  #61-D: integer operation result is out of range
      GPIO_PTD7_MASK = (1<<31),   /*!< GPIO Pin PTD7 bit mask */
..\drivers\gpio.h(202): warning:  #61-D: integer operation result is out of range
      GPIO_PTH7_MASK = (1<<31),   /*!< GPIO Pin PTH7 bit mask */
..\user\main.c(25): warning:  #177-D: variable "i" was declared but never referenced
      uint32_t i;
..\user\main.c(26): warning:  #177-D: variable "data" was declared but never referenced
      uint16_t data=0;
..\user\main.c(27): warning:  #177-D: variable "i2c_buff" was declared but never referenced
      uint8_t i2c_buff[3]={0x04,0x05,0x06};
..\user\main.c(28): warning:  #177-D: variable "buff" was declared but never referenced
      uint8_t buff[3];
..\user\main.c: 6 warnings, 0 errors
compiling led.c...
..\drivers\gpio.h(169): warning:  #61-D: integer operation result is out of range
      GPIO_PTD7_MASK = (1<<31),   /*!< GPIO Pin PTD7 bit mask */
..\drivers\gpio.h(202): warning:  #61-D: integer operation result is out of range
      GPIO_PTH7_MASK = (1<<31),   /*!< GPIO Pin PTH7 bit mask */
..\user\led.c: 2 warnings, 0 errors
compiling wdt.c...
compiling spi_app.c...
..\drivers\gpio.h(169): warning:  #61-D: integer operation result is out of range
      GPIO_PTD7_MASK = (1<<31),   /*!< GPIO Pin PTD7 bit mask */
..\drivers\gpio.h(202): warning:  #61-D: integer operation result is out of range
      GPIO_PTH7_MASK = (1<<31),   /*!< GPIO Pin PTH7 bit mask */
..\user\spi_app.c(100): warning:  #177-D: variable "crc" was declared but never referenced
      uint8_t crc = 0;
..\user\spi_app.c: 3 warnings, 0 errors
compiling crc.c...
compiling eeprom_24c.c...
..\drivers\gpio.h(169): warning:  #61-D: integer operation result is out of range
      GPIO_PTD7_MASK = (1<<31),   /*!< GPIO Pin PTD7 bit mask */
..\drivers\gpio.h(202): warning:  #61-D: integer operation result is out of range
      GPIO_PTH7_MASK = (1<<31),   /*!< GPIO Pin PTH7 bit mask */
..\user\eeprom_24c.c: 2 warnings, 0 errors
compiling sleep.c...
..\drivers\gpio.h(169): warning:  #61-D: integer operation result is out of range
      GPIO_PTD7_MASK = (1<<31),   /*!< GPIO Pin PTD7 bit mask */
..\drivers\gpio.h(202): warning:  #61-D: integer operation result is out of range
      GPIO_PTH7_MASK = (1<<31),   /*!< GPIO Pin PTH7 bit mask */
..\user\sleep.c: 2 warnings, 0 errors
linking...
Program Size: Code=5936 RO-data=964 RW-data=20 ZI-data=516  
FromELF: creating hex file...
".\Objects\ES-AN49503.axf" - 0 Error(s), 17 Warning(s).
*** Completed Cross-Module-Optimization after 2 iteration(s).

<h2>Collection of Component include folders:</h2>
  E:\Github\ES-AN49503\project\RTE
  D:\Keil_v5\ARM\PACK\Keil\Kinetis_KExx_DFP\1.4.0\Device\Include

<h2>Collection of Component Files used:</h2>
Build Time Elapsed:  00:00:22
</pre>
</body>
</html>
